Archive member included to satisfy reference by file (symbol)

/home/komputator/STMicroelectronics/STM32Cube/STM32CubeIDE_1.11.0/plugins/com.st.stm32cube.ide.mcu.externaltools.gnu-tools-for-stm32.10.3-2021.10.linux64_1.0.100.202210260954/tools/bin/../lib/gcc/arm-none-eabi/10.3.1/../../../../arm-none-eabi/lib/thumb/v7-m/nofp/libc_nano.a(lib_a-errno.o)
                              ./Core/Src/syscalls.o (__errno)
/home/komputator/STMicroelectronics/STM32Cube/STM32CubeIDE_1.11.0/plugins/com.st.stm32cube.ide.mcu.externaltools.gnu-tools-for-stm32.10.3-2021.10.linux64_1.0.100.202210260954/tools/bin/../lib/gcc/arm-none-eabi/10.3.1/../../../../arm-none-eabi/lib/thumb/v7-m/nofp/libc_nano.a(lib_a-exit.o)
                              /home/komputator/STMicroelectronics/STM32Cube/STM32CubeIDE_1.11.0/plugins/com.st.stm32cube.ide.mcu.externaltools.gnu-tools-for-stm32.10.3-2021.10.linux64_1.0.100.202210260954/tools/bin/../lib/gcc/arm-none-eabi/10.3.1/../../../../arm-none-eabi/lib/thumb/v7-m/nofp/crt0.o (exit)
/home/komputator/STMicroelectronics/STM32Cube/STM32CubeIDE_1.11.0/plugins/com.st.stm32cube.ide.mcu.externaltools.gnu-tools-for-stm32.10.3-2021.10.linux64_1.0.100.202210260954/tools/bin/../lib/gcc/arm-none-eabi/10.3.1/../../../../arm-none-eabi/lib/thumb/v7-m/nofp/libc_nano.a(lib_a-impure.o)
                              /home/komputator/STMicroelectronics/STM32Cube/STM32CubeIDE_1.11.0/plugins/com.st.stm32cube.ide.mcu.externaltools.gnu-tools-for-stm32.10.3-2021.10.linux64_1.0.100.202210260954/tools/bin/../lib/gcc/arm-none-eabi/10.3.1/../../../../arm-none-eabi/lib/thumb/v7-m/nofp/libc_nano.a(lib_a-exit.o) (_global_impure_ptr)
/home/komputator/STMicroelectronics/STM32Cube/STM32CubeIDE_1.11.0/plugins/com.st.stm32cube.ide.mcu.externaltools.gnu-tools-for-stm32.10.3-2021.10.linux64_1.0.100.202210260954/tools/bin/../lib/gcc/arm-none-eabi/10.3.1/../../../../arm-none-eabi/lib/thumb/v7-m/nofp/libc_nano.a(lib_a-init.o)
                              /home/komputator/STMicroelectronics/STM32Cube/STM32CubeIDE_1.11.0/plugins/com.st.stm32cube.ide.mcu.externaltools.gnu-tools-for-stm32.10.3-2021.10.linux64_1.0.100.202210260954/tools/bin/../lib/gcc/arm-none-eabi/10.3.1/../../../../arm-none-eabi/lib/thumb/v7-m/nofp/crt0.o (__libc_init_array)
/home/komputator/STMicroelectronics/STM32Cube/STM32CubeIDE_1.11.0/plugins/com.st.stm32cube.ide.mcu.externaltools.gnu-tools-for-stm32.10.3-2021.10.linux64_1.0.100.202210260954/tools/bin/../lib/gcc/arm-none-eabi/10.3.1/../../../../arm-none-eabi/lib/thumb/v7-m/nofp/libc_nano.a(lib_a-memset.o)
                              /home/komputator/STMicroelectronics/STM32Cube/STM32CubeIDE_1.11.0/plugins/com.st.stm32cube.ide.mcu.externaltools.gnu-tools-for-stm32.10.3-2021.10.linux64_1.0.100.202210260954/tools/bin/../lib/gcc/arm-none-eabi/10.3.1/../../../../arm-none-eabi/lib/thumb/v7-m/nofp/crt0.o (memset)

Discarded input sections

 .text          0x0000000000000000        0x0 /home/komputator/STMicroelectronics/STM32Cube/STM32CubeIDE_1.11.0/plugins/com.st.stm32cube.ide.mcu.externaltools.gnu-tools-for-stm32.10.3-2021.10.linux64_1.0.100.202210260954/tools/bin/../lib/gcc/arm-none-eabi/10.3.1/thumb/v7-m/nofp/crti.o
 .data          0x0000000000000000        0x0 /home/komputator/STMicroelectronics/STM32Cube/STM32CubeIDE_1.11.0/plugins/com.st.stm32cube.ide.mcu.externaltools.gnu-tools-for-stm32.10.3-2021.10.linux64_1.0.100.202210260954/tools/bin/../lib/gcc/arm-none-eabi/10.3.1/thumb/v7-m/nofp/crti.o
 .bss           0x0000000000000000        0x0 /home/komputator/STMicroelectronics/STM32Cube/STM32CubeIDE_1.11.0/plugins/com.st.stm32cube.ide.mcu.externaltools.gnu-tools-for-stm32.10.3-2021.10.linux64_1.0.100.202210260954/tools/bin/../lib/gcc/arm-none-eabi/10.3.1/thumb/v7-m/nofp/crti.o
 .data          0x0000000000000000        0x4 /home/komputator/STMicroelectronics/STM32Cube/STM32CubeIDE_1.11.0/plugins/com.st.stm32cube.ide.mcu.externaltools.gnu-tools-for-stm32.10.3-2021.10.linux64_1.0.100.202210260954/tools/bin/../lib/gcc/arm-none-eabi/10.3.1/thumb/v7-m/nofp/crtbegin.o
 .rodata        0x0000000000000000       0x24 /home/komputator/STMicroelectronics/STM32Cube/STM32CubeIDE_1.11.0/plugins/com.st.stm32cube.ide.mcu.externaltools.gnu-tools-for-stm32.10.3-2021.10.linux64_1.0.100.202210260954/tools/bin/../lib/gcc/arm-none-eabi/10.3.1/thumb/v7-m/nofp/crtbegin.o
 .text          0x0000000000000000       0x7c /home/komputator/STMicroelectronics/STM32Cube/STM32CubeIDE_1.11.0/plugins/com.st.stm32cube.ide.mcu.externaltools.gnu-tools-for-stm32.10.3-2021.10.linux64_1.0.100.202210260954/tools/bin/../lib/gcc/arm-none-eabi/10.3.1/../../../../arm-none-eabi/lib/thumb/v7-m/nofp/crt0.o
 .data          0x0000000000000000        0x0 /home/komputator/STMicroelectronics/STM32Cube/STM32CubeIDE_1.11.0/plugins/com.st.stm32cube.ide.mcu.externaltools.gnu-tools-for-stm32.10.3-2021.10.linux64_1.0.100.202210260954/tools/bin/../lib/gcc/arm-none-eabi/10.3.1/../../../../arm-none-eabi/lib/thumb/v7-m/nofp/crt0.o
[...]
Memory Configuration

Name             Origin             Length             Attributes
RAM              0x0000000020000000 0x0000000000005000 xrw
FLASH            0x0000000008000000 0x0000000000010000 xr
*default*        0x0000000000000000 0xffffffffffffffff

Linker script and memory map

LOAD /home/komputator/STMicroelectronics/STM32Cube/STM32CubeIDE_1.11.0/plugins/com.st.stm32cube.ide.mcu.externaltools.gnu-tools-for-stm32.10.3-2021.10.linux64_1.0.100.202210260954/tools/bin/../lib/gcc/arm-none-eabi/10.3.1/thumb/v7-m/nofp/crti.o
LOAD /home/komputator/STMicroelectronics/STM32Cube/STM32CubeIDE_1.11.0/plugins/com.st.stm32cube.ide.mcu.externaltools.gnu-tools-for-stm32.10.3-2021.10.linux64_1.0.100.202210260954/tools/bin/../lib/gcc/arm-none-eabi/10.3.1/thumb/v7-m/nofp/crtbegin.o
LOAD /home/komputator/STMicroelectronics/STM32Cube/STM32CubeIDE_1.11.0/plugins/com.st.stm32cube.ide.mcu.externaltools.gnu-tools-for-stm32.10.3-2021.10.linux64_1.0.100.202210260954/tools/bin/../lib/gcc/arm-none-eabi/10.3.1/../../../../arm-none-eabi/lib/thumb/v7-m/nofp/crt0.o
LOAD ./Core/Src/main.o
LOAD ./Core/Src/stm32f1xx_hal_msp.o
LOAD ./Core/Src/stm32f1xx_it.o
LOAD ./Core/Src/syscalls.o
LOAD ./Core/Src/sysmem.o
LOAD ./Core/Src/system_stm32f1xx.o
LOAD ./Core/Startup/startup_stm32f103c8tx.o
LOAD ./Drivers/STM32F1xx_HAL_Driver/Src/stm32f1xx_hal.o
LOAD ./Drivers/STM32F1xx_HAL_Driver/Src/stm32f1xx_hal_adc.o
LOAD ./Drivers/STM32F1xx_HAL_Driver/Src/stm32f1xx_hal_adc_ex.o
LOAD ./Drivers/STM32F1xx_HAL_Driver/Src/stm32f1xx_hal_cortex.o
LOAD ./Drivers/STM32F1xx_HAL_Driver/Src/stm32f1xx_hal_dma.o
LOAD ./Drivers/STM32F1xx_HAL_Driver/Src/stm32f1xx_hal_exti.o
LOAD ./Drivers/STM32F1xx_HAL_Driver/Src/stm32f1xx_hal_flash.o
LOAD ./Drivers/STM32F1xx_HAL_Driver/Src/stm32f1xx_hal_flash_ex.o
LOAD ./Drivers/STM32F1xx_HAL_Driver/Src/stm32f1xx_hal_gpio.o
LOAD ./Drivers/STM32F1xx_HAL_Driver/Src/stm32f1xx_hal_gpio_ex.o
LOAD ./Drivers/STM32F1xx_HAL_Driver/Src/stm32f1xx_hal_pcd.o
LOAD ./Drivers/STM32F1xx_HAL_Driver/Src/stm32f1xx_hal_pcd_ex.o
LOAD ./Drivers/STM32F1xx_HAL_Driver/Src/stm32f1xx_hal_pwr.o
LOAD ./Drivers/STM32F1xx_HAL_Driver/Src/stm32f1xx_hal_rcc.o
LOAD ./Drivers/STM32F1xx_HAL_Driver/Src/stm32f1xx_hal_rcc_ex.o
LOAD ./Drivers/STM32F1xx_HAL_Driver/Src/stm32f1xx_hal_tim.o
LOAD ./Drivers/STM32F1xx_HAL_Driver/Src/stm32f1xx_hal_tim_ex.o
LOAD ./Drivers/STM32F1xx_HAL_Driver/Src/stm32f1xx_ll_usb.o
LOAD ./Middlewares/ST/STM32_USB_Device_Library/Class/CDC/Src/usbd_cdc.o
LOAD ./Middlewares/ST/STM32_USB_Device_Library/Core/Src/usbd_core.o
LOAD ./Middlewares/ST/STM32_USB_Device_Library/Core/Src/usbd_ctlreq.o
LOAD ./Middlewares/ST/STM32_USB_Device_Library/Core/Src/usbd_ioreq.o
LOAD ./USB_DEVICE/App/usb_device.o
LOAD ./USB_DEVICE/App/usbd_cdc_if.o
LOAD ./USB_DEVICE/App/usbd_desc.o
LOAD ./USB_DEVICE/Target/usbd_conf.o
START GROUP
LOAD /home/komputator/STMicroelectronics/STM32Cube/STM32CubeIDE_1.11.0/plugins/com.st.stm32cube.ide.mcu.externaltools.gnu-tools-for-stm32.10.3-2021.10.linux64_1.0.100.202210260954/tools/bin/../lib/gcc/arm-none-eabi/10.3.1/../../../../arm-none-eabi/lib/thumb/v7-m/nofp/libc_nano.a
LOAD /home/komputator/STMicroelectronics/STM32Cube/STM32CubeIDE_1.11.0/plugins/com.st.stm32cube.ide.mcu.externaltools.gnu-tools-for-stm32.10.3-2021.10.linux64_1.0.100.202210260954/tools/bin/../lib/gcc/arm-none-eabi/10.3.1/../../../../arm-none-eabi/lib/thumb/v7-m/nofp/libm.a
END GROUP
START GROUP
LOAD /home/komputator/STMicroelectronics/STM32Cube/STM32CubeIDE_1.11.0/plugins/com.st.stm32cube.ide.mcu.externaltools.gnu-tools-for-stm32.10.3-2021.10.linux64_1.0.100.202210260954/tools/bin/../lib/gcc/arm-none-eabi/10.3.1/thumb/v7-m/nofp/libgcc.a
LOAD /home/komputator/STMicroelectronics/STM32Cube/STM32CubeIDE_1.11.0/plugins/com.st.stm32cube.ide.mcu.externaltools.gnu-tools-for-stm32.10.3-2021.10.linux64_1.0.100.202210260954/tools/bin/../lib/gcc/arm-none-eabi/10.3.1/../../../../arm-none-eabi/lib/thumb/v7-m/nofp/libc_nano.a
END GROUP
START GROUP
LOAD /home/komputator/STMicroelectronics/STM32Cube/STM32CubeIDE_1.11.0/plugins/com.st.stm32cube.ide.mcu.externaltools.gnu-tools-for-stm32.10.3-2021.10.linux64_1.0.100.202210260954/tools/bin/../lib/gcc/arm-none-eabi/10.3.1/thumb/v7-m/nofp/libgcc.a
LOAD /home/komputator/STMicroelectronics/STM32Cube/STM32CubeIDE_1.11.0/plugins/com.st.stm32cube.ide.mcu.externaltools.gnu-tools-for-stm32.10.3-2021.10.linux64_1.0.100.202210260954/tools/bin/../lib/gcc/arm-none-eabi/10.3.1/../../../../arm-none-eabi/lib/thumb/v7-m/nofp/libc_nano.a
LOAD /home/komputator/STMicroelectronics/STM32Cube/STM32CubeIDE_1.11.0/plugins/com.st.stm32cube.ide.mcu.externaltools.gnu-tools-for-stm32.10.3-2021.10.linux64_1.0.100.202210260954/tools/bin/../lib/gcc/arm-none-eabi/10.3.1/../../../../arm-none-eabi/lib/thumb/v7-m/nofp/libnosys.a
END GROUP
START GROUP
LOAD /home/komputator/STMicroelectronics/STM32Cube/STM32CubeIDE_1.11.0/plugins/com.st.stm32cube.ide.mcu.externaltools.gnu-tools-for-stm32.10.3-2021.10.linux64_1.0.100.202210260954/tools/bin/../lib/gcc/arm-none-eabi/10.3.1/thumb/v7-m/nofp/libgcc.a
LOAD /home/komputator/STMicroelectronics/STM32Cube/STM32CubeIDE_1.11.0/plugins/com.st.stm32cube.ide.mcu.externaltools.gnu-tools-for-stm32.10.3-2021.10.linux64_1.0.100.202210260954/tools/bin/../lib/gcc/arm-none-eabi/10.3.1/../../../../arm-none-eabi/lib/thumb/v7-m/nofp/libc_nano.a
LOAD /home/komputator/STMicroelectronics/STM32Cube/STM32CubeIDE_1.11.0/plugins/com.st.stm32cube.ide.mcu.externaltools.gnu-tools-for-stm32.10.3-2021.10.linux64_1.0.100.202210260954/tools/bin/../lib/gcc/arm-none-eabi/10.3.1/../../../../arm-none-eabi/lib/thumb/v7-m/nofp/libnosys.a
END GROUP
LOAD /home/komputator/STMicroelectronics/STM32Cube/STM32CubeIDE_1.11.0/plugins/com.st.stm32cube.ide.mcu.externaltools.gnu-tools-for-stm32.10.3-2021.10.linux64_1.0.100.202210260954/tools/bin/../lib/gcc/arm-none-eabi/10.3.1/thumb/v7-m/nofp/crtend.o
LOAD /home/komputator/STMicroelectronics/STM32Cube/STM32CubeIDE_1.11.0/plugins/com.st.stm32cube.ide.mcu.externaltools.gnu-tools-for-stm32.10.3-2021.10.linux64_1.0.100.202210260954/tools/bin/../lib/gcc/arm-none-eabi/10.3.1/thumb/v7-m/nofp/crtn.o
                0x0000000020005000                _estack = (ORIGIN (RAM) + LENGTH (RAM))
                0x0000000000000200                _Min_Heap_Size = 0x200
                0x0000000000000400                _Min_Stack_Size = 0x400

.isr_vector     0x0000000008000000      0x10c
                0x0000000008000000                . = ALIGN (0x4)
 *(.isr_vector)
 .isr_vector    0x0000000008000000      0x10c ./Core/Startup/startup_stm32f103c8tx.o
                0x0000000008000000                g_pfnVectors
                0x000000000800010c                . = ALIGN (0x4)

.text           0x000000000800010c     0x9388
                0x000000000800010c                . = ALIGN (0x4)
 *(.text)
 .text          0x000000000800010c       0x40 /home/komputator/STMicroelectronics/STM32Cube/STM32CubeIDE_1.11.0/plugins/com.st.stm32cube.ide.mcu.externaltools.gnu-tools-for-stm32.10.3-2021.10.linux64_1.0.100.202210260954/tools/bin/../lib/gcc/arm-none-eabi/10.3.1/thumb/v7-m/nofp/crtbegin.o
 *(.text*)
 .text.main     0x000000000800014c      0x140 ./Core/Src/main.o
                0x000000000800014c                main
 .text.SystemClock_Config
                0x000000000800028c       0xbc ./Core/Src/main.o
                0x000000000800028c                SystemClock_Config
 .text.MX_ADC1_Init
                0x0000000008000348       0xf4 ./Core/Src/main.o
 .text.MX_ADC2_Init
                0x000000000800043c       0xd4 ./Core/Src/main.o
 .text.MX_TIM3_Init
                0x0000000008000510       0x9c ./Core/Src/main.o
 .text.MX_DMA_Init
                0x00000000080005ac       0x3c ./Core/Src/main.o
 .text.MX_GPIO_Init
                0x00000000080005e8       0xb0 ./Core/Src/main.o
 .text.HAL_ADC_ConvHalfCpltCallback
                0x0000000008000698       0x1c ./Core/Src/main.o
                0x0000000008000698                HAL_ADC_ConvHalfCpltCallback
 .text.HAL_ADC_ConvCpltCallback
                0x00000000080006b4       0x1c ./Core/Src/main.o
                0x00000000080006b4                HAL_ADC_ConvCpltCallback
 .text.HAL_ADC_ErrorCallback
                0x00000000080006d0       0x38 ./Core/Src/main.o
                0x00000000080006d0                HAL_ADC_ErrorCallback
 .text.Error_Handler
                0x0000000008000708        0xa ./Core/Src/main.o
                0x0000000008000708                Error_Handler
 *fill*         0x0000000008000712        0x2 
 .text.HAL_MspInit
                0x0000000008000714       0x44 ./Core/Src/stm32f1xx_hal_msp.o
                0x0000000008000714                HAL_MspInit
 .text.HAL_ADC_MspInit
                0x0000000008000758      0x154 ./Core/Src/stm32f1xx_hal_msp.o
                0x0000000008000758                HAL_ADC_MspInit
 .text.HAL_TIM_Base_MspInit
                0x00000000080008ac       0x3c ./Core/Src/stm32f1xx_hal_msp.o
                0x00000000080008ac                HAL_TIM_Base_MspInit
 .text.NMI_Handler
                0x00000000080008e8        0x6 ./Core/Src/stm32f1xx_it.o
                0x00000000080008e8                NMI_Handler
 .text.HardFault_Handler
                0x00000000080008ee        0x6 ./Core/Src/stm32f1xx_it.o
                0x00000000080008ee                HardFault_Handler
 .text.MemManage_Handler
                0x00000000080008f4        0x6 ./Core/Src/stm32f1xx_it.o
                0x00000000080008f4                MemManage_Handler
 .text.BusFault_Handler
                0x00000000080008fa        0x6 ./Core/Src/stm32f1xx_it.o
                0x00000000080008fa                BusFault_Handler
 .text.UsageFault_Handler
                0x0000000008000900        0x6 ./Core/Src/stm32f1xx_it.o
                0x0000000008000900                UsageFault_Handler
 .text.SVC_Handler
                0x0000000008000906        0xc ./Core/Src/stm32f1xx_it.o
                0x0000000008000906                SVC_Handler
 .text.DebugMon_Handler
                0x0000000008000912        0xc ./Core/Src/stm32f1xx_it.o
                0x0000000008000912                DebugMon_Handler
 .text.PendSV_Handler
                0x000000000800091e        0xc ./Core/Src/stm32f1xx_it.o
                0x000000000800091e                PendSV_Handler
 .text.SysTick_Handler
                0x000000000800092a        0xc ./Core/Src/stm32f1xx_it.o
                0x000000000800092a                SysTick_Handler
 *fill*         0x0000000008000936        0x2 
 .text.DMA1_Channel1_IRQHandler
                0x0000000008000938       0x14 ./Core/Src/stm32f1xx_it.o
                0x0000000008000938                DMA1_Channel1_IRQHandler
 .text.USB_LP_CAN1_RX0_IRQHandler
                0x000000000800094c       0x14 ./Core/Src/stm32f1xx_it.o
                0x000000000800094c                USB_LP_CAN1_RX0_IRQHandler
 .text.SystemInit
                0x0000000008000960        0xc ./Core/Src/system_stm32f1xx.o
                0x0000000008000960                SystemInit
 .text.Reset_Handler
                0x000000000800096c       0x48 ./Core/Startup/startup_stm32f103c8tx.o
                0x000000000800096c                Reset_Handler
 .text.Default_Handler
                0x00000000080009b4        0x2 ./Core/Startup/startup_stm32f103c8tx.o
                0x00000000080009b4                RTC_Alarm_IRQHandler
                0x00000000080009b4                EXTI2_IRQHandler
                0x00000000080009b4                TIM1_CC_IRQHandler
                0x00000000080009b4                PVD_IRQHandler
                0x00000000080009b4                EXTI3_IRQHandler
                0x00000000080009b4                EXTI0_IRQHandler
                0x00000000080009b4                I2C2_EV_IRQHandler
                0x00000000080009b4                ADC1_2_IRQHandler
                0x00000000080009b4                SPI1_IRQHandler
                0x00000000080009b4                TAMPER_IRQHandler
                0x00000000080009b4                DMA1_Channel4_IRQHandler
                0x00000000080009b4                USART3_IRQHandler
                0x00000000080009b4                RTC_IRQHandler
                0x00000000080009b4                DMA1_Channel7_IRQHandler
                0x00000000080009b4                CAN1_RX1_IRQHandler
                0x00000000080009b4                TIM4_IRQHandler
                0x00000000080009b4                I2C1_EV_IRQHandler
                0x00000000080009b4                DMA1_Channel6_IRQHandler
                0x00000000080009b4                TIM3_IRQHandler
                0x00000000080009b4                RCC_IRQHandler
                0x00000000080009b4                TIM1_TRG_COM_IRQHandler
                0x00000000080009b4                Default_Handler
                0x00000000080009b4                EXTI15_10_IRQHandler
                0x00000000080009b4                EXTI9_5_IRQHandler
                0x00000000080009b4                SPI2_IRQHandler
                0x00000000080009b4                DMA1_Channel5_IRQHandler
                0x00000000080009b4                EXTI4_IRQHandler
                0x00000000080009b4                USB_HP_CAN1_TX_IRQHandler
                0x00000000080009b4                DMA1_Channel3_IRQHandler
                0x00000000080009b4                TIM1_UP_IRQHandler
                0x00000000080009b4                WWDG_IRQHandler
                0x00000000080009b4                TIM2_IRQHandler
                0x00000000080009b4                TIM1_BRK_IRQHandler
                0x00000000080009b4                EXTI1_IRQHandler
                0x00000000080009b4                USART2_IRQHandler
                0x00000000080009b4                I2C2_ER_IRQHandler
                0x00000000080009b4                DMA1_Channel2_IRQHandler
                0x00000000080009b4                CAN1_SCE_IRQHandler
                0x00000000080009b4                FLASH_IRQHandler
                0x00000000080009b4                USART1_IRQHandler
                0x00000000080009b4                I2C1_ER_IRQHandler
                0x00000000080009b4                USBWakeUp_IRQHandler
 *fill*         0x00000000080009b6        0x2 
 .text.HAL_Init
                0x00000000080009b8       0x2c ./Drivers/STM32F1xx_HAL_Driver/Src/stm32f1xx_hal.o
                0x00000000080009b8                HAL_Init
 .text.HAL_InitTick
                0x00000000080009e4       0x60 ./Drivers/STM32F1xx_HAL_Driver/Src/stm32f1xx_hal.o
                0x00000000080009e4                HAL_InitTick
 .text.HAL_IncTick
                0x0000000008000a44       0x24 ./Drivers/STM32F1xx_HAL_Driver/Src/stm32f1xx_hal.o
                0x0000000008000a44                HAL_IncTick
 .text.HAL_GetTick
                0x0000000008000a68       0x14 ./Drivers/STM32F1xx_HAL_Driver/Src/stm32f1xx_hal.o
                0x0000000008000a68                HAL_GetTick
 .text.HAL_Delay
                0x0000000008000a7c       0x48 ./Drivers/STM32F1xx_HAL_Driver/Src/stm32f1xx_hal.o
                0x0000000008000a7c                HAL_Delay
 .text.HAL_ADC_Init
                0x0000000008000ac4      0x1b0 ./Drivers/STM32F1xx_HAL_Driver/Src/stm32f1xx_hal_adc.o
                0x0000000008000ac4                HAL_ADC_Init
 .text.HAL_ADC_Start
                0x0000000008000c74      0x15c ./Drivers/STM32F1xx_HAL_Driver/Src/stm32f1xx_hal_adc.o
                0x0000000008000c74                HAL_ADC_Start
 .text.HAL_ADC_ConfigChannel
                0x0000000008000dd0      0x1f0 ./Drivers/STM32F1xx_HAL_Driver/Src/stm32f1xx_hal_adc.o
                0x0000000008000dd0                HAL_ADC_ConfigChannel
 .text.ADC_Enable
                0x0000000008000fc0       0xb4 ./Drivers/STM32F1xx_HAL_Driver/Src/stm32f1xx_hal_adc.o
                0x0000000008000fc0                ADC_Enable
 .text.ADC_ConversionStop_Disable
                0x0000000008001074       0x82 ./Drivers/STM32F1xx_HAL_Driver/Src/stm32f1xx_hal_adc.o
                0x0000000008001074                ADC_ConversionStop_Disable
 .text.ADC_DMAConvCplt
                0x00000000080010f6       0x7c ./Drivers/STM32F1xx_HAL_Driver/Src/stm32f1xx_hal_adc.o
                0x00000000080010f6                ADC_DMAConvCplt
 .text.ADC_DMAHalfConvCplt
                0x0000000008001172       0x1c ./Drivers/STM32F1xx_HAL_Driver/Src/stm32f1xx_hal_adc.o
                0x0000000008001172                ADC_DMAHalfConvCplt
 .text.ADC_DMAError
                0x000000000800118e       0x34 ./Drivers/STM32F1xx_HAL_Driver/Src/stm32f1xx_hal_adc.o
                0x000000000800118e                ADC_DMAError
 *fill*         0x00000000080011c2        0x2 
 .text.HAL_ADCEx_Calibration_Start
                0x00000000080011c4      0x158 ./Drivers/STM32F1xx_HAL_Driver/Src/stm32f1xx_hal_adc_ex.o
                0x00000000080011c4                HAL_ADCEx_Calibration_Start
 .text.HAL_ADCEx_MultiModeStart_DMA
                0x000000000800131c      0x16c ./Drivers/STM32F1xx_HAL_Driver/Src/stm32f1xx_hal_adc_ex.o
                0x000000000800131c                HAL_ADCEx_MultiModeStart_DMA
 .text.HAL_ADCEx_MultiModeConfigChannel
                0x0000000008001488       0xa4 ./Drivers/STM32F1xx_HAL_Driver/Src/stm32f1xx_hal_adc_ex.o
                0x0000000008001488                HAL_ADCEx_MultiModeConfigChannel
 .text.__NVIC_SetPriorityGrouping
                0x000000000800152c       0x48 ./Drivers/STM32F1xx_HAL_Driver/Src/stm32f1xx_hal_cortex.o
 .text.__NVIC_GetPriorityGrouping
                0x0000000008001574       0x1c ./Drivers/STM32F1xx_HAL_Driver/Src/stm32f1xx_hal_cortex.o
 .text.__NVIC_EnableIRQ
                0x0000000008001590       0x38 ./Drivers/STM32F1xx_HAL_Driver/Src/stm32f1xx_hal_cortex.o
 .text.__NVIC_SetPriority
                0x00000000080015c8       0x54 ./Drivers/STM32F1xx_HAL_Driver/Src/stm32f1xx_hal_cortex.o
 .text.NVIC_EncodePriority
                0x000000000800161c       0x64 ./Drivers/STM32F1xx_HAL_Driver/Src/stm32f1xx_hal_cortex.o
 .text.SysTick_Config
                0x0000000008001680       0x44 ./Drivers/STM32F1xx_HAL_Driver/Src/stm32f1xx_hal_cortex.o
 .text.HAL_NVIC_SetPriorityGrouping
                0x00000000080016c4       0x16 ./Drivers/STM32F1xx_HAL_Driver/Src/stm32f1xx_hal_cortex.o
                0x00000000080016c4                HAL_NVIC_SetPriorityGrouping
 .text.HAL_NVIC_SetPriority
                0x00000000080016da       0x38 ./Drivers/STM32F1xx_HAL_Driver/Src/stm32f1xx_hal_cortex.o
                0x00000000080016da                HAL_NVIC_SetPriority
 .text.HAL_NVIC_EnableIRQ
                0x0000000008001712       0x1c ./Drivers/STM32F1xx_HAL_Driver/Src/stm32f1xx_hal_cortex.o
                0x0000000008001712                HAL_NVIC_EnableIRQ
 .text.HAL_SYSTICK_Config
                0x000000000800172e       0x18 ./Drivers/STM32F1xx_HAL_Driver/Src/stm32f1xx_hal_cortex.o
                0x000000000800172e                HAL_SYSTICK_Config
 *fill*         0x0000000008001746        0x2 
 .text.HAL_DMA_Init
                0x0000000008001748       0xb4 ./Drivers/STM32F1xx_HAL_Driver/Src/stm32f1xx_hal_dma.o
                0x0000000008001748                HAL_DMA_Init
 .text.HAL_DMA_Start_IT
                0x00000000080017fc       0xbe ./Drivers/STM32F1xx_HAL_Driver/Src/stm32f1xx_hal_dma.o
                0x00000000080017fc                HAL_DMA_Start_IT
 *fill*         0x00000000080018ba        0x2 
 .text.HAL_DMA_IRQHandler
                0x00000000080018bc      0x20c ./Drivers/STM32F1xx_HAL_Driver/Src/stm32f1xx_hal_dma.o
                0x00000000080018bc                HAL_DMA_IRQHandler
 .text.DMA_SetConfig
                0x0000000008001ac8       0x5a ./Drivers/STM32F1xx_HAL_Driver/Src/stm32f1xx_hal_dma.o
 *fill*         0x0000000008001b22        0x2 
 .text.HAL_GPIO_Init
                0x0000000008001b24      0x308 ./Drivers/STM32F1xx_HAL_Driver/Src/stm32f1xx_hal_gpio.o
                0x0000000008001b24                HAL_GPIO_Init
 .text.HAL_GPIO_WritePin
                0x0000000008001e2c       0x30 ./Drivers/STM32F1xx_HAL_Driver/Src/stm32f1xx_hal_gpio.o
                0x0000000008001e2c                HAL_GPIO_WritePin
 .text.HAL_GPIO_TogglePin
                0x0000000008001e5c       0x32 ./Drivers/STM32F1xx_HAL_Driver/Src/stm32f1xx_hal_gpio.o
                0x0000000008001e5c                HAL_GPIO_TogglePin
 .text.HAL_PCD_Init
                0x0000000008001e8e      0x216 ./Drivers/STM32F1xx_HAL_Driver/Src/stm32f1xx_hal_pcd.o
                0x0000000008001e8e                HAL_PCD_Init
 .text.HAL_PCD_Start
                0x00000000080020a4       0x4c ./Drivers/STM32F1xx_HAL_Driver/Src/stm32f1xx_hal_pcd.o
                0x00000000080020a4                HAL_PCD_Start
 .text.HAL_PCD_IRQHandler
                0x00000000080020f0      0x2a6 ./Drivers/STM32F1xx_HAL_Driver/Src/stm32f1xx_hal_pcd.o
                0x00000000080020f0                HAL_PCD_IRQHandler
 .text.HAL_PCD_SetAddress
                0x0000000008002396       0x4a ./Drivers/STM32F1xx_HAL_Driver/Src/stm32f1xx_hal_pcd.o
                0x0000000008002396                HAL_PCD_SetAddress
 .text.HAL_PCD_EP_Open
                0x00000000080023e0       0xcc ./Drivers/STM32F1xx_HAL_Driver/Src/stm32f1xx_hal_pcd.o
                0x00000000080023e0                HAL_PCD_EP_Open
 .text.HAL_PCD_EP_Close
                0x00000000080024ac       0x90 ./Drivers/STM32F1xx_HAL_Driver/Src/stm32f1xx_hal_pcd.o
                0x00000000080024ac                HAL_PCD_EP_Close
 .text.HAL_PCD_EP_Receive
                0x000000000800253c       0x7a ./Drivers/STM32F1xx_HAL_Driver/Src/stm32f1xx_hal_pcd.o
                0x000000000800253c                HAL_PCD_EP_Receive
 .text.HAL_PCD_EP_GetRxCount
                0x00000000080025b6       0x2e ./Drivers/STM32F1xx_HAL_Driver/Src/stm32f1xx_hal_pcd.o
                0x00000000080025b6                HAL_PCD_EP_GetRxCount
 .text.HAL_PCD_EP_Transmit
                0x00000000080025e4       0x86 ./Drivers/STM32F1xx_HAL_Driver/Src/stm32f1xx_hal_pcd.o
                0x00000000080025e4                HAL_PCD_EP_Transmit
 .text.HAL_PCD_EP_SetStall
                0x000000000800266a       0xc0 ./Drivers/STM32F1xx_HAL_Driver/Src/stm32f1xx_hal_pcd.o
                0x000000000800266a                HAL_PCD_EP_SetStall
 .text.HAL_PCD_EP_ClrStall
                0x000000000800272a       0xa8 ./Drivers/STM32F1xx_HAL_Driver/Src/stm32f1xx_hal_pcd.o
                0x000000000800272a                HAL_PCD_EP_ClrStall
 .text.PCD_EP_ISR_Handler
                0x00000000080027d2      0x600 ./Drivers/STM32F1xx_HAL_Driver/Src/stm32f1xx_hal_pcd.o
 .text.HAL_PCD_EP_DB_Receive
                0x0000000008002dd2      0x21a ./Drivers/STM32F1xx_HAL_Driver/Src/stm32f1xx_hal_pcd.o
 .text.HAL_PCD_EP_DB_Transmit
                0x0000000008002fec      0x7a4 ./Drivers/STM32F1xx_HAL_Driver/Src/stm32f1xx_hal_pcd.o
 .text.HAL_PCDEx_PMAConfig
                0x0000000008003790       0x84 ./Drivers/STM32F1xx_HAL_Driver/Src/stm32f1xx_hal_pcd_ex.o
                0x0000000008003790                HAL_PCDEx_PMAConfig
 .text.HAL_RCC_OscConfig
                0x0000000008003814      0x504 ./Drivers/STM32F1xx_HAL_Driver/Src/stm32f1xx_hal_rcc.o
                0x0000000008003814                HAL_RCC_OscConfig
 .text.HAL_RCC_ClockConfig
                0x0000000008003d18      0x1d4 ./Drivers/STM32F1xx_HAL_Driver/Src/stm32f1xx_hal_rcc.o
                0x0000000008003d18                HAL_RCC_ClockConfig
 .text.HAL_RCC_GetSysClockFreq
                0x0000000008003eec       0xbc ./Drivers/STM32F1xx_HAL_Driver/Src/stm32f1xx_hal_rcc.o
                0x0000000008003eec                HAL_RCC_GetSysClockFreq
 .text.HAL_RCC_GetHCLKFreq
                0x0000000008003fa8       0x14 ./Drivers/STM32F1xx_HAL_Driver/Src/stm32f1xx_hal_rcc.o
                0x0000000008003fa8                HAL_RCC_GetHCLKFreq
 .text.HAL_RCC_GetPCLK2Freq
                0x0000000008003fbc       0x28 ./Drivers/STM32F1xx_HAL_Driver/Src/stm32f1xx_hal_rcc.o
                0x0000000008003fbc                HAL_RCC_GetPCLK2Freq
 .text.RCC_Delay
                0x0000000008003fe4       0x3c ./Drivers/STM32F1xx_HAL_Driver/Src/stm32f1xx_hal_rcc.o
 .text.HAL_RCCEx_PeriphCLKConfig
                0x0000000008004020      0x16c ./Drivers/STM32F1xx_HAL_Driver/Src/stm32f1xx_hal_rcc_ex.o
                0x0000000008004020                HAL_RCCEx_PeriphCLKConfig
 .text.HAL_RCCEx_GetPeriphCLKFreq
                0x000000000800418c      0x180 ./Drivers/STM32F1xx_HAL_Driver/Src/stm32f1xx_hal_rcc_ex.o
                0x000000000800418c                HAL_RCCEx_GetPeriphCLKFreq
 .text.HAL_TIM_Base_Init
                0x000000000800430c       0x9e ./Drivers/STM32F1xx_HAL_Driver/Src/stm32f1xx_hal_tim.o
                0x000000000800430c                HAL_TIM_Base_Init
 *fill*         0x00000000080043aa        0x2 
 .text.HAL_TIM_Base_Start
                0x00000000080043ac       0x94 ./Drivers/STM32F1xx_HAL_Driver/Src/stm32f1xx_hal_tim.o
                0x00000000080043ac                HAL_TIM_Base_Start
 .text.HAL_TIM_ConfigClockSource
                0x0000000008004440      0x188 ./Drivers/STM32F1xx_HAL_Driver/Src/stm32f1xx_hal_tim.o
                0x0000000008004440                HAL_TIM_ConfigClockSource
 .text.TIM_Base_SetConfig
                0x00000000080045c8       0xc4 ./Drivers/STM32F1xx_HAL_Driver/Src/stm32f1xx_hal_tim.o
                0x00000000080045c8                TIM_Base_SetConfig
 .text.TIM_TI1_ConfigInputStage
                0x000000000800468c       0x5c ./Drivers/STM32F1xx_HAL_Driver/Src/stm32f1xx_hal_tim.o
 .text.TIM_TI2_ConfigInputStage
                0x00000000080046e8       0x5e ./Drivers/STM32F1xx_HAL_Driver/Src/stm32f1xx_hal_tim.o
 .text.TIM_ITRx_SetConfig
                0x0000000008004746       0x34 ./Drivers/STM32F1xx_HAL_Driver/Src/stm32f1xx_hal_tim.o
 .text.TIM_ETR_SetConfig
                0x000000000800477a       0x3e ./Drivers/STM32F1xx_HAL_Driver/Src/stm32f1xx_hal_tim.o
                0x000000000800477a                TIM_ETR_SetConfig
 .text.HAL_TIMEx_MasterConfigSynchronization
                0x00000000080047b8       0xbc ./Drivers/STM32F1xx_HAL_Driver/Src/stm32f1xx_hal_tim_ex.o
                0x00000000080047b8                HAL_TIMEx_MasterConfigSynchronization
 .text.USB_CoreInit
                0x0000000008004874       0x20 ./Drivers/STM32F1xx_HAL_Driver/Src/stm32f1xx_ll_usb.o
                0x0000000008004874                USB_CoreInit
 .text.USB_EnableGlobalInt
                0x0000000008004894       0x2c ./Drivers/STM32F1xx_HAL_Driver/Src/stm32f1xx_ll_usb.o
                0x0000000008004894                USB_EnableGlobalInt
 .text.USB_DisableGlobalInt
                0x00000000080048c0       0x34 ./Drivers/STM32F1xx_HAL_Driver/Src/stm32f1xx_ll_usb.o
                0x00000000080048c0                USB_DisableGlobalInt
 .text.USB_SetCurrentMode
                0x00000000080048f4       0x18 ./Drivers/STM32F1xx_HAL_Driver/Src/stm32f1xx_ll_usb.o
                0x00000000080048f4                USB_SetCurrentMode
 .text.USB_DevInit
                0x000000000800490c       0x40 ./Drivers/STM32F1xx_HAL_Driver/Src/stm32f1xx_ll_usb.o
                0x000000000800490c                USB_DevInit
 .text.USB_ActivateEndpoint
                0x000000000800494c      0x6d4 ./Drivers/STM32F1xx_HAL_Driver/Src/stm32f1xx_ll_usb.o
                0x000000000800494c                USB_ActivateEndpoint
 .text.USB_DeactivateEndpoint
                0x0000000008005020      0x3d8 ./Drivers/STM32F1xx_HAL_Driver/Src/stm32f1xx_ll_usb.o
                0x0000000008005020                USB_DeactivateEndpoint
 .text.USB_EPStartXfer
                0x00000000080053f8     0x1c70 ./Drivers/STM32F1xx_HAL_Driver/Src/stm32f1xx_ll_usb.o
                0x00000000080053f8                USB_EPStartXfer
 .text.USB_EPSetStall
                0x0000000008007068       0xa0 ./Drivers/STM32F1xx_HAL_Driver/Src/stm32f1xx_ll_usb.o
                0x0000000008007068                USB_EPSetStall
 .text.USB_EPClearStall
                0x0000000008007108      0x15a ./Drivers/STM32F1xx_HAL_Driver/Src/stm32f1xx_ll_usb.o
                0x0000000008007108                USB_EPClearStall
 .text.USB_SetDevAddress
                0x0000000008007262       0x26 ./Drivers/STM32F1xx_HAL_Driver/Src/stm32f1xx_ll_usb.o
                0x0000000008007262                USB_SetDevAddress
 .text.USB_DevConnect
                0x0000000008007288       0x14 ./Drivers/STM32F1xx_HAL_Driver/Src/stm32f1xx_ll_usb.o
                0x0000000008007288                USB_DevConnect
 .text.USB_DevDisconnect
                0x000000000800729c       0x14 ./Drivers/STM32F1xx_HAL_Driver/Src/stm32f1xx_ll_usb.o
                0x000000000800729c                USB_DevDisconnect
 .text.USB_ReadInterrupts
                0x00000000080072b0       0x1e ./Drivers/STM32F1xx_HAL_Driver/Src/stm32f1xx_ll_usb.o
                0x00000000080072b0                USB_ReadInterrupts
 .text.USB_EP0_OutStart
                0x00000000080072ce       0x16 ./Drivers/STM32F1xx_HAL_Driver/Src/stm32f1xx_ll_usb.o
                0x00000000080072ce                USB_EP0_OutStart
 .text.USB_WritePMA
                0x00000000080072e4       0x8a ./Drivers/STM32F1xx_HAL_Driver/Src/stm32f1xx_ll_usb.o
                0x00000000080072e4                USB_WritePMA
 .text.USB_ReadPMA
                0x000000000800736e       0x9e ./Drivers/STM32F1xx_HAL_Driver/Src/stm32f1xx_ll_usb.o
                0x000000000800736e                USB_ReadPMA
 .text.USBD_CDC_Init
                0x000000000800740c       0xf4 ./Middlewares/ST/STM32_USB_Device_Library/Class/CDC/Src/usbd_cdc.o
 .text.USBD_CDC_DeInit
                0x0000000008007500       0x6e ./Middlewares/ST/STM32_USB_Device_Library/Class/CDC/Src/usbd_cdc.o
 .text.USBD_CDC_Setup
                0x000000000800756e      0x146 ./Middlewares/ST/STM32_USB_Device_Library/Class/CDC/Src/usbd_cdc.o
 .text.USBD_CDC_DataIn
                0x00000000080076b4       0xa6 ./Middlewares/ST/STM32_USB_Device_Library/Class/CDC/Src/usbd_cdc.o
 .text.USBD_CDC_DataOut
                0x000000000800775a       0x56 ./Middlewares/ST/STM32_USB_Device_Library/Class/CDC/Src/usbd_cdc.o
 .text.USBD_CDC_EP0_RxReady
                0x00000000080077b0       0x50 ./Middlewares/ST/STM32_USB_Device_Library/Class/CDC/Src/usbd_cdc.o
 .text.USBD_CDC_GetFSCfgDesc
                0x0000000008007800       0x20 ./Middlewares/ST/STM32_USB_Device_Library/Class/CDC/Src/usbd_cdc.o
 .text.USBD_CDC_GetHSCfgDesc
                0x0000000008007820       0x20 ./Middlewares/ST/STM32_USB_Device_Library/Class/CDC/Src/usbd_cdc.o
 .text.USBD_CDC_GetOtherSpeedCfgDesc
                0x0000000008007840       0x20 ./Middlewares/ST/STM32_USB_Device_Library/Class/CDC/Src/usbd_cdc.o
 .text.USBD_CDC_GetDeviceQualifierDescriptor
                0x0000000008007860       0x20 ./Middlewares/ST/STM32_USB_Device_Library/Class/CDC/Src/usbd_cdc.o
                0x0000000008007860                USBD_CDC_GetDeviceQualifierDescriptor
 .text.USBD_CDC_RegisterInterface
                0x0000000008007880       0x2c ./Middlewares/ST/STM32_USB_Device_Library/Class/CDC/Src/usbd_cdc.o
                0x0000000008007880                USBD_CDC_RegisterInterface
 .text.USBD_CDC_SetTxBuffer
                0x00000000080078ac       0x32 ./Middlewares/ST/STM32_USB_Device_Library/Class/CDC/Src/usbd_cdc.o
                0x00000000080078ac                USBD_CDC_SetTxBuffer
 .text.USBD_CDC_SetRxBuffer
                0x00000000080078de       0x26 ./Middlewares/ST/STM32_USB_Device_Library/Class/CDC/Src/usbd_cdc.o
                0x00000000080078de                USBD_CDC_SetRxBuffer
 .text.USBD_CDC_TransmitPacket
                0x0000000008007904       0x5e ./Middlewares/ST/STM32_USB_Device_Library/Class/CDC/Src/usbd_cdc.o
                0x0000000008007904                USBD_CDC_TransmitPacket
 .text.USBD_CDC_ReceivePacket
                0x0000000008007962       0x54 ./Middlewares/ST/STM32_USB_Device_Library/Class/CDC/Src/usbd_cdc.o
                0x0000000008007962                USBD_CDC_ReceivePacket
 .text.USBD_Init
                0x00000000080079b6       0x56 ./Middlewares/ST/STM32_USB_Device_Library/Core/Src/usbd_core.o
                0x00000000080079b6                USBD_Init
 .text.USBD_RegisterClass
                0x0000000008007a0c       0x32 ./Middlewares/ST/STM32_USB_Device_Library/Core/Src/usbd_core.o
                0x0000000008007a0c                USBD_RegisterClass
 .text.USBD_Start
                0x0000000008007a3e       0x18 ./Middlewares/ST/STM32_USB_Device_Library/Core/Src/usbd_core.o
                0x0000000008007a3e                USBD_Start
 .text.USBD_RunTestMode
                0x0000000008007a56       0x14 ./Middlewares/ST/STM32_USB_Device_Library/Core/Src/usbd_core.o
                0x0000000008007a56                USBD_RunTestMode
 .text.USBD_SetClassConfig
                0x0000000008007a6a       0x3e ./Middlewares/ST/STM32_USB_Device_Library/Core/Src/usbd_core.o
                0x0000000008007a6a                USBD_SetClassConfig
 .text.USBD_ClrClassConfig
                0x0000000008007aa8       0x26 ./Middlewares/ST/STM32_USB_Device_Library/Core/Src/usbd_core.o
                0x0000000008007aa8                USBD_ClrClassConfig
 .text.USBD_LL_SetupStage
                0x0000000008007ace       0x9a ./Middlewares/ST/STM32_USB_Device_Library/Core/Src/usbd_core.o
                0x0000000008007ace                USBD_LL_SetupStage
 .text.USBD_LL_DataOutStage
                0x0000000008007b68       0xe2 ./Middlewares/ST/STM32_USB_Device_Library/Core/Src/usbd_core.o
                0x0000000008007b68                USBD_LL_DataOutStage
 .text.USBD_LL_DataInStage
                0x0000000008007c4a      0x14a ./Middlewares/ST/STM32_USB_Device_Library/Core/Src/usbd_core.o
                0x0000000008007c4a                USBD_LL_DataInStage
 .text.USBD_LL_Reset
                0x0000000008007d94       0x82 ./Middlewares/ST/STM32_USB_Device_Library/Core/Src/usbd_core.o
                0x0000000008007d94                USBD_LL_Reset
 .text.USBD_LL_SetSpeed
                0x0000000008007e16       0x1e ./Middlewares/ST/STM32_USB_Device_Library/Core/Src/usbd_core.o
                0x0000000008007e16                USBD_LL_SetSpeed
 .text.USBD_LL_Suspend
                0x0000000008007e34       0x28 ./Middlewares/ST/STM32_USB_Device_Library/Core/Src/usbd_core.o
                0x0000000008007e34                USBD_LL_Suspend
 .text.USBD_LL_Resume
                0x0000000008007e5c       0x2a ./Middlewares/ST/STM32_USB_Device_Library/Core/Src/usbd_core.o
                0x0000000008007e5c                USBD_LL_Resume
 .text.USBD_LL_SOF
                0x0000000008007e86       0x34 ./Middlewares/ST/STM32_USB_Device_Library/Core/Src/usbd_core.o
                0x0000000008007e86                USBD_LL_SOF
 *fill*         0x0000000008007eba        0x2 
 .text.USBD_StdDevReq
                0x0000000008007ebc       0xd4 ./Middlewares/ST/STM32_USB_Device_Library/Core/Src/usbd_ctlreq.o
                0x0000000008007ebc                USBD_StdDevReq
 .text.USBD_StdItfReq
                0x0000000008007f90       0x90 ./Middlewares/ST/STM32_USB_Device_Library/Core/Src/usbd_ctlreq.o
                0x0000000008007f90                USBD_StdItfReq
 .text.USBD_StdEPReq
                0x0000000008008020      0x2c6 ./Middlewares/ST/STM32_USB_Device_Library/Core/Src/usbd_ctlreq.o
                0x0000000008008020                USBD_StdEPReq
 *fill*         0x00000000080082e6        0x2 
 .text.USBD_GetDescriptor
                0x00000000080082e8      0x2d0 ./Middlewares/ST/STM32_USB_Device_Library/Core/Src/usbd_ctlreq.o
 .text.USBD_SetAddress
                0x00000000080085b8       0x86 ./Middlewares/ST/STM32_USB_Device_Library/Core/Src/usbd_ctlreq.o
 *fill*         0x000000000800863e        0x2 
 .text.USBD_SetConfig
                0x0000000008008640      0x11c ./Middlewares/ST/STM32_USB_Device_Library/Core/Src/usbd_ctlreq.o
 .text.USBD_GetConfig
                0x000000000800875c       0x6a ./Middlewares/ST/STM32_USB_Device_Library/Core/Src/usbd_ctlreq.o
 .text.USBD_GetStatus
                0x00000000080087c6       0x66 ./Middlewares/ST/STM32_USB_Device_Library/Core/Src/usbd_ctlreq.o
 .text.USBD_SetFeature
                0x000000000800882c       0x28 ./Middlewares/ST/STM32_USB_Device_Library/Core/Src/usbd_ctlreq.o
 .text.USBD_ClrFeature
                0x0000000008008854       0x42 ./Middlewares/ST/STM32_USB_Device_Library/Core/Src/usbd_ctlreq.o
 .text.USBD_ParseSetupRequest
                0x0000000008008896       0x78 ./Middlewares/ST/STM32_USB_Device_Library/Core/Src/usbd_ctlreq.o
                0x0000000008008896                USBD_ParseSetupRequest
 .text.USBD_CtlError
                0x000000000800890e       0x22 ./Middlewares/ST/STM32_USB_Device_Library/Core/Src/usbd_ctlreq.o
                0x000000000800890e                USBD_CtlError
 .text.USBD_GetString
                0x0000000008008930       0x84 ./Middlewares/ST/STM32_USB_Device_Library/Core/Src/usbd_ctlreq.o
                0x0000000008008930                USBD_GetString
 .text.USBD_GetLen
                0x00000000080089b4       0x2e ./Middlewares/ST/STM32_USB_Device_Library/Core/Src/usbd_ctlreq.o
 .text.USBD_CtlSendData
                0x00000000080089e2       0x38 ./Middlewares/ST/STM32_USB_Device_Library/Core/Src/usbd_ioreq.o
                0x00000000080089e2                USBD_CtlSendData
 .text.USBD_CtlContinueSendData
                0x0000000008008a1a       0x24 ./Middlewares/ST/STM32_USB_Device_Library/Core/Src/usbd_ioreq.o
                0x0000000008008a1a                USBD_CtlContinueSendData
 .text.USBD_CtlPrepareRx
                0x0000000008008a3e       0x3c ./Middlewares/ST/STM32_USB_Device_Library/Core/Src/usbd_ioreq.o
                0x0000000008008a3e                USBD_CtlPrepareRx
 .text.USBD_CtlContinueRx
                0x0000000008008a7a       0x24 ./Middlewares/ST/STM32_USB_Device_Library/Core/Src/usbd_ioreq.o
                0x0000000008008a7a                USBD_CtlContinueRx
 .text.USBD_CtlSendStatus
                0x0000000008008a9e       0x26 ./Middlewares/ST/STM32_USB_Device_Library/Core/Src/usbd_ioreq.o
                0x0000000008008a9e                USBD_CtlSendStatus
 .text.USBD_CtlReceiveStatus
                0x0000000008008ac4       0x26 ./Middlewares/ST/STM32_USB_Device_Library/Core/Src/usbd_ioreq.o
                0x0000000008008ac4                USBD_CtlReceiveStatus
 *fill*         0x0000000008008aea        0x2 
 .text.MX_USB_DEVICE_Init
                0x0000000008008aec       0x60 ./USB_DEVICE/App/usb_device.o
                0x0000000008008aec                MX_USB_DEVICE_Init
 .text.CDC_Init_FS
                0x0000000008008b4c       0x28 ./USB_DEVICE/App/usbd_cdc_if.o
 .text.CDC_DeInit_FS
                0x0000000008008b74        0xe ./USB_DEVICE/App/usbd_cdc_if.o
 *fill*         0x0000000008008b82        0x2 
 .text.CDC_Control_FS
                0x0000000008008b84       0xbc ./USB_DEVICE/App/usbd_cdc_if.o
 .text.CDC_Receive_FS
                0x0000000008008c40       0x28 ./USB_DEVICE/App/usbd_cdc_if.o
 .text.CDC_Transmit_FS
                0x0000000008008c68       0x4c ./USB_DEVICE/App/usbd_cdc_if.o
                0x0000000008008c68                CDC_Transmit_FS
 .text.USBD_FS_DeviceDescriptor
                0x0000000008008cb4       0x24 ./USB_DEVICE/App/usbd_desc.o
                0x0000000008008cb4                USBD_FS_DeviceDescriptor
 .text.USBD_FS_LangIDStrDescriptor
                0x0000000008008cd8       0x24 ./USB_DEVICE/App/usbd_desc.o
                0x0000000008008cd8                USBD_FS_LangIDStrDescriptor
 .text.USBD_FS_ProductStrDescriptor
                0x0000000008008cfc       0x3c ./USB_DEVICE/App/usbd_desc.o
                0x0000000008008cfc                USBD_FS_ProductStrDescriptor
 .text.USBD_FS_ManufacturerStrDescriptor
                0x0000000008008d38       0x28 ./USB_DEVICE/App/usbd_desc.o
                0x0000000008008d38                USBD_FS_ManufacturerStrDescriptor
 .text.USBD_FS_SerialStrDescriptor
                0x0000000008008d60       0x24 ./USB_DEVICE/App/usbd_desc.o
                0x0000000008008d60                USBD_FS_SerialStrDescriptor
 .text.USBD_FS_ConfigStrDescriptor
                0x0000000008008d84       0x3c ./USB_DEVICE/App/usbd_desc.o
                0x0000000008008d84                USBD_FS_ConfigStrDescriptor
 .text.USBD_FS_InterfaceStrDescriptor
                0x0000000008008dc0       0x3c ./USB_DEVICE/App/usbd_desc.o
                0x0000000008008dc0                USBD_FS_InterfaceStrDescriptor
 .text.Get_SerialNum
                0x0000000008008dfc       0x58 ./USB_DEVICE/App/usbd_desc.o
 .text.IntToUnicode
                0x0000000008008e54       0x7c ./USB_DEVICE/App/usbd_desc.o
 .text.HAL_PCD_MspInit
                0x0000000008008ed0       0x4c ./USB_DEVICE/Target/usbd_conf.o
                0x0000000008008ed0                HAL_PCD_MspInit
 .text.HAL_PCD_SetupStageCallback
                0x0000000008008f1c       0x24 ./USB_DEVICE/Target/usbd_conf.o
                0x0000000008008f1c                HAL_PCD_SetupStageCallback
 .text.HAL_PCD_DataOutStageCallback
                0x0000000008008f40       0x36 ./USB_DEVICE/Target/usbd_conf.o
                0x0000000008008f40                HAL_PCD_DataOutStageCallback
 .text.HAL_PCD_DataInStageCallback
                0x0000000008008f76       0x34 ./USB_DEVICE/Target/usbd_conf.o
                0x0000000008008f76                HAL_PCD_DataInStageCallback
 .text.HAL_PCD_SOFCallback
                0x0000000008008faa       0x1c ./USB_DEVICE/Target/usbd_conf.o
                0x0000000008008faa                HAL_PCD_SOFCallback
 .text.HAL_PCD_ResetCallback
                0x0000000008008fc6       0x3c ./USB_DEVICE/Target/usbd_conf.o
                0x0000000008008fc6                HAL_PCD_ResetCallback
 *fill*         0x0000000008009002        0x2 
 .text.HAL_PCD_SuspendCallback
                0x0000000008009004       0x34 ./USB_DEVICE/Target/usbd_conf.o
                0x0000000008009004                HAL_PCD_SuspendCallback
 .text.HAL_PCD_ResumeCallback
                0x0000000008009038       0x1c ./USB_DEVICE/Target/usbd_conf.o
                0x0000000008009038                HAL_PCD_ResumeCallback
 .text.USBD_LL_Init
                0x0000000008009054       0xb4 ./USB_DEVICE/Target/usbd_conf.o
                0x0000000008009054                USBD_LL_Init
 .text.USBD_LL_Start
                0x0000000008009108       0x36 ./USB_DEVICE/Target/usbd_conf.o
                0x0000000008009108                USBD_LL_Start
 .text.USBD_LL_OpenEP
                0x000000000800913e       0x4c ./USB_DEVICE/Target/usbd_conf.o
                0x000000000800913e                USBD_LL_OpenEP
 .text.USBD_LL_CloseEP
                0x000000000800918a       0x3e ./USB_DEVICE/Target/usbd_conf.o
                0x000000000800918a                USBD_LL_CloseEP
 .text.USBD_LL_StallEP
                0x00000000080091c8       0x3e ./USB_DEVICE/Target/usbd_conf.o
                0x00000000080091c8                USBD_LL_StallEP
 .text.USBD_LL_ClearStallEP
                0x0000000008009206       0x3e ./USB_DEVICE/Target/usbd_conf.o
                0x0000000008009206                USBD_LL_ClearStallEP
 .text.USBD_LL_IsStallEP
                0x0000000008009244       0x58 ./USB_DEVICE/Target/usbd_conf.o
                0x0000000008009244                USBD_LL_IsStallEP
 .text.USBD_LL_SetUSBAddress
                0x000000000800929c       0x3e ./USB_DEVICE/Target/usbd_conf.o
                0x000000000800929c                USBD_LL_SetUSBAddress
 .text.USBD_LL_Transmit
                0x00000000080092da       0x46 ./USB_DEVICE/Target/usbd_conf.o
                0x00000000080092da                USBD_LL_Transmit
 .text.USBD_LL_PrepareReceive
                0x0000000008009320       0x46 ./USB_DEVICE/Target/usbd_conf.o
                0x0000000008009320                USBD_LL_PrepareReceive
 .text.USBD_LL_GetRxDataSize
                0x0000000008009366       0x26 ./USB_DEVICE/Target/usbd_conf.o
                0x0000000008009366                USBD_LL_GetRxDataSize
 .text.USBD_static_malloc
                0x000000000800938c       0x18 ./USB_DEVICE/Target/usbd_conf.o
                0x000000000800938c                USBD_static_malloc
 .text.USBD_static_free
                0x00000000080093a4       0x12 ./USB_DEVICE/Target/usbd_conf.o
                0x00000000080093a4                USBD_static_free
 .text.HAL_PCDEx_SetConnectionState
                0x00000000080093b6       0x16 ./USB_DEVICE/Target/usbd_conf.o
                0x00000000080093b6                HAL_PCDEx_SetConnectionState
 .text.USBD_Get_USB_Status
                0x00000000080093cc       0x58 ./USB_DEVICE/Target/usbd_conf.o
 .text.__libc_init_array
                0x0000000008009424       0x48 /home/komputator/STMicroelectronics/STM32Cube/STM32CubeIDE_1.11.0/plugins/com.st.stm32cube.ide.mcu.externaltools.gnu-tools-for-stm32.10.3-2021.10.linux64_1.0.100.202210260954/tools/bin/../lib/gcc/arm-none-eabi/10.3.1/../../../../arm-none-eabi/lib/thumb/v7-m/nofp/libc_nano.a(lib_a-init.o)
                0x0000000008009424                __libc_init_array
 .text.memset   0x000000000800946c       0x10 /home/komputator/STMicroelectronics/STM32Cube/STM32CubeIDE_1.11.0/plugins/com.st.stm32cube.ide.mcu.externaltools.gnu-tools-for-stm32.10.3-2021.10.linux64_1.0.100.202210260954/tools/bin/../lib/gcc/arm-none-eabi/10.3.1/../../../../arm-none-eabi/lib/thumb/v7-m/nofp/libc_nano.a(lib_a-memset.o)
                0x000000000800946c                memset
 *(.glue_7)
 .glue_7        0x000000000800947c        0x0 linker stubs
 *(.glue_7t)
 .glue_7t       0x000000000800947c        0x0 linker stubs
 *(.eh_frame)
 .eh_frame      0x000000000800947c        0x0 /home/komputator/STMicroelectronics/STM32Cube/STM32CubeIDE_1.11.0/plugins/com.st.stm32cube.ide.mcu.externaltools.gnu-tools-for-stm32.10.3-2021.10.linux64_1.0.100.202210260954/tools/bin/../lib/gcc/arm-none-eabi/10.3.1/thumb/v7-m/nofp/crtbegin.o
 *(.init)
 .init          0x000000000800947c        0x4 /home/komputator/STMicroelectronics/STM32Cube/STM32CubeIDE_1.11.0/plugins/com.st.stm32cube.ide.mcu.externaltools.gnu-tools-for-stm32.10.3-2021.10.linux64_1.0.100.202210260954/tools/bin/../lib/gcc/arm-none-eabi/10.3.1/thumb/v7-m/nofp/crti.o
                0x000000000800947c                _init
 .init          0x0000000008009480        0x8 /home/komputator/STMicroelectronics/STM32Cube/STM32CubeIDE_1.11.0/plugins/com.st.stm32cube.ide.mcu.externaltools.gnu-tools-for-stm32.10.3-2021.10.linux64_1.0.100.202210260954/tools/bin/../lib/gcc/arm-none-eabi/10.3.1/thumb/v7-m/nofp/crtn.o
 *(.fini)
 .fini          0x0000000008009488        0x4 /home/komputator/STMicroelectronics/STM32Cube/STM32CubeIDE_1.11.0/plugins/com.st.stm32cube.ide.mcu.externaltools.gnu-tools-for-stm32.10.3-2021.10.linux64_1.0.100.202210260954/tools/bin/../lib/gcc/arm-none-eabi/10.3.1/thumb/v7-m/nofp/crti.o
                0x0000000008009488                _fini
 .fini          0x000000000800948c        0x8 /home/komputator/STMicroelectronics/STM32Cube/STM32CubeIDE_1.11.0/plugins/com.st.stm32cube.ide.mcu.externaltools.gnu-tools-for-stm32.10.3-2021.10.linux64_1.0.100.202210260954/tools/bin/../lib/gcc/arm-none-eabi/10.3.1/thumb/v7-m/nofp/crtn.o
                0x0000000008009494                . = ALIGN (0x4)
                0x0000000008009494                _etext = .

.vfp11_veneer   0x0000000008009494        0x0
 .vfp11_veneer  0x0000000008009494        0x0 linker stubs

.v4_bx          0x0000000008009494        0x0
 .v4_bx         0x0000000008009494        0x0 linker stubs

.iplt           0x0000000008009494        0x0
 .iplt          0x0000000008009494        0x0 /home/komputator/STMicroelectronics/STM32Cube/STM32CubeIDE_1.11.0/plugins/com.st.stm32cube.ide.mcu.externaltools.gnu-tools-for-stm32.10.3-2021.10.linux64_1.0.100.202210260954/tools/bin/../lib/gcc/arm-none-eabi/10.3.1/thumb/v7-m/nofp/crtbegin.o

.rodata         0x0000000008009494       0x80
                0x0000000008009494                . = ALIGN (0x4)
 *(.rodata)
 .rodata        0x0000000008009494       0x10 ./Drivers/STM32F1xx_HAL_Driver/Src/stm32f1xx_hal_rcc.o
 .rodata        0x00000000080094a4       0x10 ./Drivers/STM32F1xx_HAL_Driver/Src/stm32f1xx_hal_rcc_ex.o
 .rodata        0x00000000080094b4       0x46 ./USB_DEVICE/App/usbd_desc.o
 *(.rodata*)
 *fill*         0x00000000080094fa        0x2 
 .rodata.AHBPrescTable
                0x00000000080094fc       0x10 ./Core/Src/system_stm32f1xx.o
                0x00000000080094fc                AHBPrescTable
 .rodata.APBPrescTable
                0x000000000800950c        0x8 ./Core/Src/system_stm32f1xx.o
                0x000000000800950c                APBPrescTable
                0x0000000008009514                . = ALIGN (0x4)

.rel.dyn        0x0000000008009514        0x0
 .rel.iplt      0x0000000008009514        0x0 /home/komputator/STMicroelectronics/STM32Cube/STM32CubeIDE_1.11.0/plugins/com.st.stm32cube.ide.mcu.externaltools.gnu-tools-for-stm32.10.3-2021.10.linux64_1.0.100.202210260954/tools/bin/../lib/gcc/arm-none-eabi/10.3.1/thumb/v7-m/nofp/crtbegin.o

.ARM.extab      0x0000000008009514        0x0
                0x0000000008009514                . = ALIGN (0x4)
 *(.ARM.extab* .gnu.linkonce.armextab.*)
                0x0000000008009514                . = ALIGN (0x4)

.ARM            0x0000000008009514        0x0
                0x0000000008009514                . = ALIGN (0x4)
                0x0000000008009514                __exidx_start = .
 *(.ARM.exidx*)
                0x0000000008009514                __exidx_end = .
                0x0000000008009514                . = ALIGN (0x4)

.preinit_array  0x0000000008009514        0x0
                0x0000000008009514                . = ALIGN (0x4)
                0x0000000008009514                PROVIDE (__preinit_array_start = .)
 *(.preinit_array*)
                0x0000000008009514                PROVIDE (__preinit_array_end = .)
                0x0000000008009514                . = ALIGN (0x4)

.init_array     0x0000000008009514        0x4
                0x0000000008009514                . = ALIGN (0x4)
                0x0000000008009514                PROVIDE (__init_array_start = .)
 *(SORT_BY_NAME(.init_array.*))
 *(.init_array*)
 .init_array    0x0000000008009514        0x4 /home/komputator/STMicroelectronics/STM32Cube/STM32CubeIDE_1.11.0/plugins/com.st.stm32cube.ide.mcu.externaltools.gnu-tools-for-stm32.10.3-2021.10.linux64_1.0.100.202210260954/tools/bin/../lib/gcc/arm-none-eabi/10.3.1/thumb/v7-m/nofp/crtbegin.o
                0x0000000008009518                PROVIDE (__init_array_end = .)
                0x0000000008009518                . = ALIGN (0x4)

.fini_array     0x0000000008009518        0x4
                0x0000000008009518                . = ALIGN (0x4)
                [!provide]                        PROVIDE (__fini_array_start = .)
 *(SORT_BY_NAME(.fini_array.*))
 *(.fini_array*)
 .fini_array    0x0000000008009518        0x4 /home/komputator/STMicroelectronics/STM32Cube/STM32CubeIDE_1.11.0/plugins/com.st.stm32cube.ide.mcu.externaltools.gnu-tools-for-stm32.10.3-2021.10.linux64_1.0.100.202210260954/tools/bin/../lib/gcc/arm-none-eabi/10.3.1/thumb/v7-m/nofp/crtbegin.o
                [!provide]                        PROVIDE (__fini_array_end = .)
                0x000000000800951c                . = ALIGN (0x4)
                0x000000000800951c                _sidata = LOADADDR (.data)

.data           0x0000000020000000      0x17c load address 0x000000000800951c
                0x0000000020000000                . = ALIGN (0x4)
                0x0000000020000000                _sdata = .
 *(.data)
 *(.data*)
 .data.SystemCoreClock
                0x0000000020000000        0x4 ./Core/Src/system_stm32f1xx.o
                0x0000000020000000                SystemCoreClock
 .data.uwTickPrio
                0x0000000020000004        0x4 ./Drivers/STM32F1xx_HAL_Driver/Src/stm32f1xx_hal.o
                0x0000000020000004                uwTickPrio
 .data.uwTickFreq
                0x0000000020000008        0x1 ./Drivers/STM32F1xx_HAL_Driver/Src/stm32f1xx_hal.o
                0x0000000020000008                uwTickFreq
 *fill*         0x0000000020000009        0x3 
 .data.USBD_CDC_DeviceQualifierDesc
                0x000000002000000c        0xa ./Middlewares/ST/STM32_USB_Device_Library/Class/CDC/Src/usbd_cdc.o
 *fill*         0x0000000020000016        0x2 
 .data.USBD_CDC
                0x0000000020000018       0x38 ./Middlewares/ST/STM32_USB_Device_Library/Class/CDC/Src/usbd_cdc.o
                0x0000000020000018                USBD_CDC
 .data.USBD_CDC_CfgHSDesc
                0x0000000020000050       0x43 ./Middlewares/ST/STM32_USB_Device_Library/Class/CDC/Src/usbd_cdc.o
                0x0000000020000050                USBD_CDC_CfgHSDesc
 *fill*         0x0000000020000093        0x1 
 .data.USBD_CDC_CfgFSDesc
                0x0000000020000094       0x43 ./Middlewares/ST/STM32_USB_Device_Library/Class/CDC/Src/usbd_cdc.o
                0x0000000020000094                USBD_CDC_CfgFSDesc
 *fill*         0x00000000200000d7        0x1 
 .data.USBD_CDC_OtherSpeedCfgDesc
                0x00000000200000d8       0x43 ./Middlewares/ST/STM32_USB_Device_Library/Class/CDC/Src/usbd_cdc.o
                0x00000000200000d8                USBD_CDC_OtherSpeedCfgDesc
 *fill*         0x000000002000011b        0x1 
 .data.USBD_Interface_fops_FS
                0x000000002000011c       0x10 ./USB_DEVICE/App/usbd_cdc_if.o
                0x000000002000011c                USBD_Interface_fops_FS
 .data.FS_Desc  0x000000002000012c       0x1c ./USB_DEVICE/App/usbd_desc.o
                0x000000002000012c                FS_Desc
 .data.USBD_FS_DeviceDesc
                0x0000000020000148       0x12 ./USB_DEVICE/App/usbd_desc.o
                0x0000000020000148                USBD_FS_DeviceDesc
 *fill*         0x000000002000015a        0x2 
 .data.USBD_LangIDDesc
                0x000000002000015c        0x4 ./USB_DEVICE/App/usbd_desc.o
                0x000000002000015c                USBD_LangIDDesc
 .data.USBD_StringSerial
                0x0000000020000160       0x1a ./USB_DEVICE/App/usbd_desc.o
                0x0000000020000160                USBD_StringSerial
 *(.RamFunc)
 *(.RamFunc*)
                0x000000002000017c                . = ALIGN (0x4)
 *fill*         0x000000002000017a        0x2 
                0x000000002000017c                _edata = .

.igot.plt       0x000000002000017c        0x0 load address 0x0000000008009698
 .igot.plt      0x000000002000017c        0x0 /home/komputator/STMicroelectronics/STM32Cube/STM32CubeIDE_1.11.0/plugins/com.st.stm32cube.ide.mcu.externaltools.gnu-tools-for-stm32.10.3-2021.10.linux64_1.0.100.202210260954/tools/bin/../lib/gcc/arm-none-eabi/10.3.1/thumb/v7-m/nofp/crtbegin.o
                0x000000002000017c                . = ALIGN (0x4)

.bss            0x000000002000017c     0x12e4 load address 0x0000000008009698
                0x000000002000017c                _sbss = .
                0x000000002000017c                __bss_start__ = _sbss
 *(.bss)
 .bss           0x000000002000017c       0x1c /home/komputator/STMicroelectronics/STM32Cube/STM32CubeIDE_1.11.0/plugins/com.st.stm32cube.ide.mcu.externaltools.gnu-tools-for-stm32.10.3-2021.10.linux64_1.0.100.202210260954/tools/bin/../lib/gcc/arm-none-eabi/10.3.1/thumb/v7-m/nofp/crtbegin.o
 *(.bss*)
 .bss.hadc1     0x0000000020000198       0x30 ./Core/Src/main.o
                0x0000000020000198                hadc1
 .bss.hadc2     0x00000000200001c8       0x30 ./Core/Src/main.o
                0x00000000200001c8                hadc2
 .bss.hdma_adc1
                0x00000000200001f8       0x44 ./Core/Src/main.o
                0x00000000200001f8                hdma_adc1
 .bss.htim3     0x000000002000023c       0x48 ./Core/Src/main.o
                0x000000002000023c                htim3
 .bss.readyPart1
                0x0000000020000284        0x1 ./Core/Src/main.o
                0x0000000020000284                readyPart1
 .bss.readyPart2
                0x0000000020000285        0x1 ./Core/Src/main.o
                0x0000000020000285                readyPart2
 *fill*         0x0000000020000286        0x2 
 .bss.uwTick    0x0000000020000288        0x4 ./Drivers/STM32F1xx_HAL_Driver/Src/stm32f1xx_hal.o
                0x0000000020000288                uwTick
 .bss.cfgidx.0  0x000000002000028c        0x1 ./Middlewares/ST/STM32_USB_Device_Library/Core/Src/usbd_ctlreq.o
 *fill*         0x000000002000028d        0x3 
 .bss.hUsbDeviceFS
                0x0000000020000290      0x2c4 ./USB_DEVICE/App/usb_device.o
                0x0000000020000290                hUsbDeviceFS
 .bss.UserRxBufferFS
                0x0000000020000554      0x400 ./USB_DEVICE/App/usbd_cdc_if.o
                0x0000000020000554                UserRxBufferFS
 .bss.UserTxBufferFS
                0x0000000020000954      0x400 ./USB_DEVICE/App/usbd_cdc_if.o
                0x0000000020000954                UserTxBufferFS
 .bss.USBD_StrDesc
                0x0000000020000d54      0x200 ./USB_DEVICE/App/usbd_desc.o
                0x0000000020000d54                USBD_StrDesc
 .bss.hpcd_USB_FS
                0x0000000020000f54      0x2ec ./USB_DEVICE/Target/usbd_conf.o
                0x0000000020000f54                hpcd_USB_FS
 .bss.mem.0     0x0000000020001240      0x220 ./USB_DEVICE/Target/usbd_conf.o
 *(COMMON)
                0x0000000020001460                . = ALIGN (0x4)
                0x0000000020001460                _ebss = .
                0x0000000020001460                __bss_end__ = _ebss

._user_heap_stack
                0x0000000020001460      0x600 load address 0x0000000008009698
                0x0000000020001460                . = ALIGN (0x8)
                [!provide]                        PROVIDE (end = .)
                0x0000000020001460                PROVIDE (_end = .)
                0x0000000020001660                . = (. + _Min_Heap_Size)
 *fill*         0x0000000020001460      0x200 
                0x0000000020001a60                . = (. + _Min_Stack_Size)
 *fill*         0x0000000020001660      0x400 
                0x0000000020001a60                . = ALIGN (0x8)

/DISCARD/
 libc.a(*)
 libm.a(*)
 libgcc.a(*)

.ARM.attributes
                0x0000000000000000       0x29
 *(.ARM.attributes)
 .ARM.attributes
                0x0000000000000000       0x1d /home/komputator/STMicroelectronics/STM32Cube/STM32CubeIDE_1.11.0/plugins/com.st.stm32cube.ide.mcu.externaltools.gnu-tools-for-stm32.10.3-2021.10.linux64_1.0.100.202210260954/tools/bin/../lib/gcc/arm-none-eabi/10.3.1/thumb/v7-m/nofp/crti.o
 .ARM.attributes
                0x000000000000001d       0x2d /home/komputator/STMicroelectronics/STM32Cube/STM32CubeIDE_1.11.0/plugins/com.st.stm32cube.ide.mcu.externaltools.gnu-tools-for-stm32.10.3-2021.10.linux64_1.0.100.202210260954/tools/bin/../lib/gcc/arm-none-eabi/10.3.1/thumb/v7-m/nofp/crtbegin.o
 .ARM.attributes
                0x000000000000004a       0x2d ./Core/Src/main.o
 .ARM.attributes
                0x0000000000000077       0x2d ./Core/Src/stm32f1xx_hal_msp.o
 .ARM.attributes
                0x00000000000000a4       0x2d ./Core/Src/stm32f1xx_it.o
 .ARM.attributes
                0x00000000000000d1       0x2d ./Core/Src/system_stm32f1xx.o
 .ARM.attributes
                0x00000000000000fe       0x21 ./Core/Startup/startup_stm32f103c8tx.o
 .ARM.attributes
                0x000000000000011f       0x2d ./Drivers/STM32F1xx_HAL_Driver/Src/stm32f1xx_hal.o
 .ARM.attributes
                0x000000000000014c       0x2d ./Drivers/STM32F1xx_HAL_Driver/Src/stm32f1xx_hal_adc.o
 .ARM.attributes
                0x0000000000000179       0x2d ./Drivers/STM32F1xx_HAL_Driver/Src/stm32f1xx_hal_adc_ex.o
 .ARM.attributes
                0x00000000000001a6       0x2d ./Drivers/STM32F1xx_HAL_Driver/Src/stm32f1xx_hal_cortex.o
 .ARM.attributes
                0x00000000000001d3       0x2d ./Drivers/STM32F1xx_HAL_Driver/Src/stm32f1xx_hal_dma.o
 .ARM.attributes
                0x0000000000000200       0x2d ./Drivers/STM32F1xx_HAL_Driver/Src/stm32f1xx_hal_gpio.o
 .ARM.attributes
                0x000000000000022d       0x2d ./Drivers/STM32F1xx_HAL_Driver/Src/stm32f1xx_hal_pcd.o
 .ARM.attributes
                0x000000000000025a       0x2d ./Drivers/STM32F1xx_HAL_Driver/Src/stm32f1xx_hal_pcd_ex.o
 .ARM.attributes
                0x0000000000000287       0x2d ./Drivers/STM32F1xx_HAL_Driver/Src/stm32f1xx_hal_rcc.o
 .ARM.attributes
                0x00000000000002b4       0x2d ./Drivers/STM32F1xx_HAL_Driver/Src/stm32f1xx_hal_rcc_ex.o
 .ARM.attributes
                0x00000000000002e1       0x2d ./Drivers/STM32F1xx_HAL_Driver/Src/stm32f1xx_hal_tim.o
 .ARM.attributes
                0x000000000000030e       0x2d ./Drivers/STM32F1xx_HAL_Driver/Src/stm32f1xx_hal_tim_ex.o
 .ARM.attributes
                0x000000000000033b       0x2d ./Drivers/STM32F1xx_HAL_Driver/Src/stm32f1xx_ll_usb.o
 .ARM.attributes
                0x0000000000000368       0x2d ./Middlewares/ST/STM32_USB_Device_Library/Class/CDC/Src/usbd_cdc.o
 .ARM.attributes
                0x0000000000000395       0x2d ./Middlewares/ST/STM32_USB_Device_Library/Core/Src/usbd_core.o
 .ARM.attributes
                0x00000000000003c2       0x2d ./Middlewares/ST/STM32_USB_Device_Library/Core/Src/usbd_ctlreq.o
 .ARM.attributes
                0x00000000000003ef       0x2d ./Middlewares/ST/STM32_USB_Device_Library/Core/Src/usbd_ioreq.o
 .ARM.attributes
                0x000000000000041c       0x2d ./USB_DEVICE/App/usb_device.o
 .ARM.attributes
                0x0000000000000449       0x2d ./USB_DEVICE/App/usbd_cdc_if.o
 .ARM.attributes
                0x0000000000000476       0x2d ./USB_DEVICE/App/usbd_desc.o
 .ARM.attributes
                0x00000000000004a3       0x2d ./USB_DEVICE/Target/usbd_conf.o
 .ARM.attributes
                0x00000000000004d0       0x2d /home/komputator/STMicroelectronics/STM32Cube/STM32CubeIDE_1.11.0/plugins/com.st.stm32cube.ide.mcu.externaltools.gnu-tools-for-stm32.10.3-2021.10.linux64_1.0.100.202210260954/tools/bin/../lib/gcc/arm-none-eabi/10.3.1/../../../../arm-none-eabi/lib/thumb/v7-m/nofp/libc_nano.a(lib_a-init.o)
 .ARM.attributes
                0x00000000000004fd       0x2d /home/komputator/STMicroelectronics/STM32Cube/STM32CubeIDE_1.11.0/plugins/com.st.stm32cube.ide.mcu.externaltools.gnu-tools-for-stm32.10.3-2021.10.linux64_1.0.100.202210260954/tools/bin/../lib/gcc/arm-none-eabi/10.3.1/../../../../arm-none-eabi/lib/thumb/v7-m/nofp/libc_nano.a(lib_a-memset.o)
 .ARM.attributes
                0x000000000000052a       0x1d /home/komputator/STMicroelectronics/STM32Cube/STM32CubeIDE_1.11.0/plugins/com.st.stm32cube.ide.mcu.externaltools.gnu-tools-for-stm32.10.3-2021.10.linux64_1.0.100.202210260954/tools/bin/../lib/gcc/arm-none-eabi/10.3.1/thumb/v7-m/nofp/crtn.o
OUTPUT(BluePill_USB_Oscill.elf elf32-littlearm)
LOAD linker stubs
LOAD /home/komputator/STMicroelectronics/STM32Cube/STM32CubeIDE_1.11.0/plugins/com.st.stm32cube.ide.mcu.externaltools.gnu-tools-for-stm32.10.3-2021.10.linux64_1.0.100.202210260954/tools/bin/../lib/gcc/arm-none-eabi/10.3.1/../../../../arm-none-eabi/lib/thumb/v7-m/nofp/libc.a
LOAD /home/komputator/STMicroelectronics/STM32Cube/STM32CubeIDE_1.11.0/plugins/com.st.stm32cube.ide.mcu.externaltools.gnu-tools-for-stm32.10.3-2021.10.linux64_1.0.100.202210260954/tools/bin/../lib/gcc/arm-none-eabi/10.3.1/../../../../arm-none-eabi/lib/thumb/v7-m/nofp/libm.a
LOAD /home/komputator/STMicroelectronics/STM32Cube/STM32CubeIDE_1.11.0/plugins/com.st.stm32cube.ide.mcu.externaltools.gnu-tools-for-stm32.10.3-2021.10.linux64_1.0.100.202210260954/tools/bin/../lib/gcc/arm-none-eabi/10.3.1/thumb/v7-m/nofp/libgcc.a

.debug_info     0x0000000000000000    0x13c81
 .debug_info    0x0000000000000000     0x135a ./Core/Src/main.o
 .debug_info    0x000000000000135a      0xbf6 ./Core/Src/stm32f1xx_hal_msp.o
 .debug_info    0x0000000000001f50      0x899 ./Core/Src/stm32f1xx_it.o
 .debug_info    0x00000000000027e9      0x23d ./Core/Src/system_stm32f1xx.o
 .debug_info    0x0000000000002a26       0x22 ./Core/Startup/startup_stm32f103c8tx.o
 .debug_info    0x0000000000002a48      0x734 ./Drivers/STM32F1xx_HAL_Driver/Src/stm32f1xx_hal.o
 .debug_info    0x000000000000317c      0xcd9 ./Drivers/STM32F1xx_HAL_Driver/Src/stm32f1xx_hal_adc.o
 .debug_info    0x0000000000003e55      0xa8f ./Drivers/STM32F1xx_HAL_Driver/Src/stm32f1xx_hal_adc_ex.o
 .debug_info    0x00000000000048e4      0xb20 ./Drivers/STM32F1xx_HAL_Driver/Src/stm32f1xx_hal_cortex.o
 .debug_info    0x0000000000005404      0x73f ./Drivers/STM32F1xx_HAL_Driver/Src/stm32f1xx_hal_dma.o
 .debug_info    0x0000000000005b43      0x615 ./Drivers/STM32F1xx_HAL_Driver/Src/stm32f1xx_hal_gpio.o
 .debug_info    0x0000000000006158     0x16ab ./Drivers/STM32F1xx_HAL_Driver/Src/stm32f1xx_hal_pcd.o
 .debug_info    0x0000000000007803      0x728 ./Drivers/STM32F1xx_HAL_Driver/Src/stm32f1xx_hal_pcd_ex.o
 .debug_info    0x0000000000007f2b      0x860 ./Drivers/STM32F1xx_HAL_Driver/Src/stm32f1xx_hal_rcc.o
 .debug_info    0x000000000000878b      0x3e0 ./Drivers/STM32F1xx_HAL_Driver/Src/stm32f1xx_hal_rcc_ex.o
 .debug_info    0x0000000000008b6b     0x29de ./Drivers/STM32F1xx_HAL_Driver/Src/stm32f1xx_hal_tim.o
 .debug_info    0x000000000000b549     0x1513 ./Drivers/STM32F1xx_HAL_Driver/Src/stm32f1xx_hal_tim_ex.o
 .debug_info    0x000000000000ca5c     0x190d ./Drivers/STM32F1xx_HAL_Driver/Src/stm32f1xx_ll_usb.o
 .debug_info    0x000000000000e369     0x10f1 ./Middlewares/ST/STM32_USB_Device_Library/Class/CDC/Src/usbd_cdc.o
 .debug_info    0x000000000000f45a      0xb02 ./Middlewares/ST/STM32_USB_Device_Library/Core/Src/usbd_core.o
 .debug_info    0x000000000000ff5c      0x9b6 ./Middlewares/ST/STM32_USB_Device_Library/Core/Src/usbd_ctlreq.o
 .debug_info    0x0000000000010912      0x715 ./Middlewares/ST/STM32_USB_Device_Library/Core/Src/usbd_ioreq.o
 .debug_info    0x0000000000011027      0x679 ./USB_DEVICE/App/usb_device.o
 .debug_info    0x00000000000116a0      0x828 ./USB_DEVICE/App/usbd_cdc_if.o
 .debug_info    0x0000000000011ec8      0x484 ./USB_DEVICE/App/usbd_desc.o
 .debug_info    0x000000000001234c     0x1935 ./USB_DEVICE/Target/usbd_conf.o

.debug_abbrev   0x0000000000000000     0x355b
 .debug_abbrev  0x0000000000000000      0x2f2 ./Core/Src/main.o
 .debug_abbrev  0x00000000000002f2      0x200 ./Core/Src/stm32f1xx_hal_msp.o
 .debug_abbrev  0x00000000000004f2      0x1a2 ./Core/Src/stm32f1xx_it.o
 .debug_abbrev  0x0000000000000694      0x13b ./Core/Src/system_stm32f1xx.o
 .debug_abbrev  0x00000000000007cf       0x12 ./Core/Startup/startup_stm32f103c8tx.o
 .debug_abbrev  0x00000000000007e1      0x1fb ./Drivers/STM32F1xx_HAL_Driver/Src/stm32f1xx_hal.o
 .debug_abbrev  0x00000000000009dc      0x210 ./Drivers/STM32F1xx_HAL_Driver/Src/stm32f1xx_hal_adc.o
 .debug_abbrev  0x0000000000000bec      0x234 ./Drivers/STM32F1xx_HAL_Driver/Src/stm32f1xx_hal_adc_ex.o
 .debug_abbrev  0x0000000000000e20      0x2ed ./Drivers/STM32F1xx_HAL_Driver/Src/stm32f1xx_hal_cortex.o
 .debug_abbrev  0x000000000000110d      0x1fe ./Drivers/STM32F1xx_HAL_Driver/Src/stm32f1xx_hal_dma.o
 .debug_abbrev  0x000000000000130b      0x1bb ./Drivers/STM32F1xx_HAL_Driver/Src/stm32f1xx_hal_gpio.o
 .debug_abbrev  0x00000000000014c6      0x2b9 ./Drivers/STM32F1xx_HAL_Driver/Src/stm32f1xx_hal_pcd.o
 .debug_abbrev  0x000000000000177f      0x17f ./Drivers/STM32F1xx_HAL_Driver/Src/stm32f1xx_hal_pcd_ex.o
 .debug_abbrev  0x00000000000018fe      0x2a8 ./Drivers/STM32F1xx_HAL_Driver/Src/stm32f1xx_hal_rcc.o
 .debug_abbrev  0x0000000000001ba6      0x182 ./Drivers/STM32F1xx_HAL_Driver/Src/stm32f1xx_hal_rcc_ex.o
 .debug_abbrev  0x0000000000001d28      0x25d ./Drivers/STM32F1xx_HAL_Driver/Src/stm32f1xx_hal_tim.o
 .debug_abbrev  0x0000000000001f85      0x265 ./Drivers/STM32F1xx_HAL_Driver/Src/stm32f1xx_hal_tim_ex.o
 .debug_abbrev  0x00000000000021ea      0x1cd ./Drivers/STM32F1xx_HAL_Driver/Src/stm32f1xx_ll_usb.o
 .debug_abbrev  0x00000000000023b7      0x2c0 ./Middlewares/ST/STM32_USB_Device_Library/Class/CDC/Src/usbd_cdc.o
 .debug_abbrev  0x0000000000002677      0x236 ./Middlewares/ST/STM32_USB_Device_Library/Core/Src/usbd_core.o
 .debug_abbrev  0x00000000000028ad      0x257 ./Middlewares/ST/STM32_USB_Device_Library/Core/Src/usbd_ctlreq.o
 .debug_abbrev  0x0000000000002b04      0x183 ./Middlewares/ST/STM32_USB_Device_Library/Core/Src/usbd_ioreq.o
 .debug_abbrev  0x0000000000002c87      0x183 ./USB_DEVICE/App/usb_device.o
 .debug_abbrev  0x0000000000002e0a      0x252 ./USB_DEVICE/App/usbd_cdc_if.o
 .debug_abbrev  0x000000000000305c      0x1fa ./USB_DEVICE/App/usbd_desc.o
 .debug_abbrev  0x0000000000003256      0x305 ./USB_DEVICE/Target/usbd_conf.o

.debug_aranges  0x0000000000000000     0x11e8
 .debug_aranges
                0x0000000000000000       0x70 ./Core/Src/main.o
 .debug_aranges
                0x0000000000000070       0x40 ./Core/Src/stm32f1xx_hal_msp.o
 .debug_aranges
                0x00000000000000b0       0x70 ./Core/Src/stm32f1xx_it.o
 .debug_aranges
                0x0000000000000120       0x28 ./Core/Src/system_stm32f1xx.o
 .debug_aranges
                0x0000000000000148       0x28 ./Core/Startup/startup_stm32f103c8tx.o
 .debug_aranges
                0x0000000000000170       0xe0 ./Drivers/STM32F1xx_HAL_Driver/Src/stm32f1xx_hal.o
 .debug_aranges
                0x0000000000000250       0xf0 ./Drivers/STM32F1xx_HAL_Driver/Src/stm32f1xx_hal_adc.o
 .debug_aranges
                0x0000000000000340       0x80 ./Drivers/STM32F1xx_HAL_Driver/Src/stm32f1xx_hal_adc_ex.o
 .debug_aranges
                0x00000000000003c0      0x100 ./Drivers/STM32F1xx_HAL_Driver/Src/stm32f1xx_hal_cortex.o
 .debug_aranges
                0x00000000000004c0       0x80 ./Drivers/STM32F1xx_HAL_Driver/Src/stm32f1xx_hal_dma.o
 .debug_aranges
                0x0000000000000540       0x58 ./Drivers/STM32F1xx_HAL_Driver/Src/stm32f1xx_hal_gpio.o
 .debug_aranges
                0x0000000000000598      0x138 ./Drivers/STM32F1xx_HAL_Driver/Src/stm32f1xx_hal_pcd.o
 .debug_aranges
                0x00000000000006d0       0x38 ./Drivers/STM32F1xx_HAL_Driver/Src/stm32f1xx_hal_pcd_ex.o
 .debug_aranges
                0x0000000000000708       0x90 ./Drivers/STM32F1xx_HAL_Driver/Src/stm32f1xx_hal_rcc.o
 .debug_aranges
                0x0000000000000798       0x30 ./Drivers/STM32F1xx_HAL_Driver/Src/stm32f1xx_hal_rcc_ex.o
 .debug_aranges
                0x00000000000007c8      0x3d0 ./Drivers/STM32F1xx_HAL_Driver/Src/stm32f1xx_hal_tim.o
 .debug_aranges
                0x0000000000000b98      0x168 ./Drivers/STM32F1xx_HAL_Driver/Src/stm32f1xx_hal_tim_ex.o
 .debug_aranges
                0x0000000000000d00       0xf0 ./Drivers/STM32F1xx_HAL_Driver/Src/stm32f1xx_ll_usb.o
 .debug_aranges
                0x0000000000000df0       0x90 ./Middlewares/ST/STM32_USB_Device_Library/Class/CDC/Src/usbd_cdc.o
 .debug_aranges
                0x0000000000000e80       0xb8 ./Middlewares/ST/STM32_USB_Device_Library/Core/Src/usbd_core.o
 .debug_aranges
                0x0000000000000f38       0x88 ./Middlewares/ST/STM32_USB_Device_Library/Core/Src/usbd_ctlreq.o
 .debug_aranges
                0x0000000000000fc0       0x50 ./Middlewares/ST/STM32_USB_Device_Library/Core/Src/usbd_ioreq.o
 .debug_aranges
                0x0000000000001010       0x20 ./USB_DEVICE/App/usb_device.o
 .debug_aranges
                0x0000000000001030       0x40 ./USB_DEVICE/App/usbd_cdc_if.o
 .debug_aranges
                0x0000000000001070       0x60 ./USB_DEVICE/App/usbd_desc.o
 .debug_aranges
                0x00000000000010d0      0x118 ./USB_DEVICE/Target/usbd_conf.o

.debug_ranges   0x0000000000000000     0x1050
 .debug_ranges  0x0000000000000000       0x60 ./Core/Src/main.o
 .debug_ranges  0x0000000000000060       0x30 ./Core/Src/stm32f1xx_hal_msp.o
 .debug_ranges  0x0000000000000090       0x60 ./Core/Src/stm32f1xx_it.o
 .debug_ranges  0x00000000000000f0       0x18 ./Core/Src/system_stm32f1xx.o
 .debug_ranges  0x0000000000000108       0x20 ./Core/Startup/startup_stm32f103c8tx.o
 .debug_ranges  0x0000000000000128       0xd0 ./Drivers/STM32F1xx_HAL_Driver/Src/stm32f1xx_hal.o
 .debug_ranges  0x00000000000001f8       0xe0 ./Drivers/STM32F1xx_HAL_Driver/Src/stm32f1xx_hal_adc.o
 .debug_ranges  0x00000000000002d8       0x70 ./Drivers/STM32F1xx_HAL_Driver/Src/stm32f1xx_hal_adc_ex.o
 .debug_ranges  0x0000000000000348       0xf0 ./Drivers/STM32F1xx_HAL_Driver/Src/stm32f1xx_hal_cortex.o
 .debug_ranges  0x0000000000000438       0x70 ./Drivers/STM32F1xx_HAL_Driver/Src/stm32f1xx_hal_dma.o
 .debug_ranges  0x00000000000004a8       0x48 ./Drivers/STM32F1xx_HAL_Driver/Src/stm32f1xx_hal_gpio.o
 .debug_ranges  0x00000000000004f0      0x128 ./Drivers/STM32F1xx_HAL_Driver/Src/stm32f1xx_hal_pcd.o
 .debug_ranges  0x0000000000000618       0x28 ./Drivers/STM32F1xx_HAL_Driver/Src/stm32f1xx_hal_pcd_ex.o
 .debug_ranges  0x0000000000000640       0x80 ./Drivers/STM32F1xx_HAL_Driver/Src/stm32f1xx_hal_rcc.o
 .debug_ranges  0x00000000000006c0       0x20 ./Drivers/STM32F1xx_HAL_Driver/Src/stm32f1xx_hal_rcc_ex.o
 .debug_ranges  0x00000000000006e0      0x3c0 ./Drivers/STM32F1xx_HAL_Driver/Src/stm32f1xx_hal_tim.o
 .debug_ranges  0x0000000000000aa0      0x158 ./Drivers/STM32F1xx_HAL_Driver/Src/stm32f1xx_hal_tim_ex.o
 .debug_ranges  0x0000000000000bf8       0xe0 ./Drivers/STM32F1xx_HAL_Driver/Src/stm32f1xx_ll_usb.o
 .debug_ranges  0x0000000000000cd8       0x80 ./Middlewares/ST/STM32_USB_Device_Library/Class/CDC/Src/usbd_cdc.o
 .debug_ranges  0x0000000000000d58       0xa8 ./Middlewares/ST/STM32_USB_Device_Library/Core/Src/usbd_core.o
 .debug_ranges  0x0000000000000e00       0x78 ./Middlewares/ST/STM32_USB_Device_Library/Core/Src/usbd_ctlreq.o
 .debug_ranges  0x0000000000000e78       0x40 ./Middlewares/ST/STM32_USB_Device_Library/Core/Src/usbd_ioreq.o
 .debug_ranges  0x0000000000000eb8       0x10 ./USB_DEVICE/App/usb_device.o
 .debug_ranges  0x0000000000000ec8       0x30 ./USB_DEVICE/App/usbd_cdc_if.o
 .debug_ranges  0x0000000000000ef8       0x50 ./USB_DEVICE/App/usbd_desc.o
 .debug_ranges  0x0000000000000f48      0x108 ./USB_DEVICE/Target/usbd_conf.o

.debug_macro    0x0000000000000000    0x1b175
 .debug_macro   0x0000000000000000      0x440 ./Core/Src/main.o
 .debug_macro   0x0000000000000440      0xa6c ./Core/Src/main.o
 .debug_macro   0x0000000000000eac      0x227 ./Core/Src/main.o
 .debug_macro   0x00000000000010d3       0x2e ./Core/Src/main.o
 .debug_macro   0x0000000000001101       0x22 ./Core/Src/main.o
 .debug_macro   0x0000000000001123       0x22 ./Core/Src/main.o
 .debug_macro   0x0000000000001145       0x8e ./Core/Src/main.o
 .debug_macro   0x00000000000011d3       0x51 ./Core/Src/main.o
 .debug_macro   0x0000000000001224      0x103 ./Core/Src/main.o
 .debug_macro   0x0000000000001327       0x6a ./Core/Src/main.o
 .debug_macro   0x0000000000001391      0x1df ./Core/Src/main.o
 .debug_macro   0x0000000000001570       0x1c ./Core/Src/main.o
 .debug_macro   0x000000000000158c       0x22 ./Core/Src/main.o
 .debug_macro   0x00000000000015ae       0xbd ./Core/Src/main.o
 .debug_macro   0x000000000000166b      0xd23 ./Core/Src/main.o
 .debug_macro   0x000000000000238e     0xe09e ./Core/Src/main.o
 .debug_macro   0x000000000001042c       0x6d ./Core/Src/main.o
 .debug_macro   0x0000000000010499     0x3468 ./Core/Src/main.o
 .debug_macro   0x0000000000013901      0x174 ./Core/Src/main.o
 .debug_macro   0x0000000000013a75       0x5c ./Core/Src/main.o
 .debug_macro   0x0000000000013ad1      0x5be ./Core/Src/main.o
 .debug_macro   0x000000000001408f      0x289 ./Core/Src/main.o
 .debug_macro   0x0000000000014318      0x1cb ./Core/Src/main.o
 .debug_macro   0x00000000000144e3      0x114 ./Core/Src/main.o
 .debug_macro   0x00000000000145f7      0x1b2 ./Core/Src/main.o
 .debug_macro   0x00000000000147a9       0x27 ./Core/Src/main.o
 .debug_macro   0x00000000000147d0      0x136 ./Core/Src/main.o
 .debug_macro   0x0000000000014906      0x1bc ./Core/Src/main.o
 .debug_macro   0x0000000000014ac2       0x34 ./Core/Src/main.o
 .debug_macro   0x0000000000014af6       0x3c ./Core/Src/main.o
 .debug_macro   0x0000000000014b32       0x57 ./Core/Src/main.o
 .debug_macro   0x0000000000014b89      0x46a ./Core/Src/main.o
 .debug_macro   0x0000000000014ff3      0x1b5 ./Core/Src/main.o
 .debug_macro   0x00000000000151a8       0x88 ./Core/Src/main.o
 .debug_macro   0x0000000000015230      0x241 ./Core/Src/main.o
 .debug_macro   0x0000000000015471      0x141 ./Core/Src/main.o
 .debug_macro   0x00000000000155b2      0x8d1 ./Core/Src/main.o
 .debug_macro   0x0000000000015e83       0x65 ./Core/Src/main.o
 .debug_macro   0x0000000000015ee8      0x249 ./Core/Src/main.o
 .debug_macro   0x0000000000016131       0x83 ./Core/Src/main.o
 .debug_macro   0x00000000000161b4       0x52 ./Core/Src/main.o
 .debug_macro   0x0000000000016206       0x18 ./Core/Src/main.o
 .debug_macro   0x000000000001621e       0x3c ./Core/Src/main.o
 .debug_macro   0x000000000001625a       0x34 ./Core/Src/main.o
 .debug_macro   0x000000000001628e       0x16 ./Core/Src/main.o
 .debug_macro   0x00000000000162a4       0x35 ./Core/Src/main.o
 .debug_macro   0x00000000000162d9      0x341 ./Core/Src/main.o
 .debug_macro   0x000000000001661a       0x10 ./Core/Src/main.o
 .debug_macro   0x000000000001662a       0x16 ./Core/Src/main.o
 .debug_macro   0x0000000000016640       0x43 ./Core/Src/main.o
 .debug_macro   0x0000000000016683       0x34 ./Core/Src/main.o
 .debug_macro   0x00000000000166b7       0x10 ./Core/Src/main.o
 .debug_macro   0x00000000000166c7       0x58 ./Core/Src/main.o
 .debug_macro   0x000000000001671f       0x71 ./Core/Src/main.o
 .debug_macro   0x0000000000016790       0x1c ./Core/Src/main.o
 .debug_macro   0x00000000000167ac      0x12a ./Core/Src/main.o
 .debug_macro   0x00000000000168d6       0x10 ./Core/Src/main.o
 .debug_macro   0x00000000000168e6       0x1c ./Core/Src/main.o
 .debug_macro   0x0000000000016902       0x52 ./Core/Src/main.o
 .debug_macro   0x0000000000016954       0x22 ./Core/Src/main.o
 .debug_macro   0x0000000000016976       0x10 ./Core/Src/main.o
 .debug_macro   0x0000000000016986       0x52 ./Core/Src/main.o
 .debug_macro   0x00000000000169d8       0xd5 ./Core/Src/main.o
 .debug_macro   0x0000000000016aad       0x1c ./Core/Src/main.o
 .debug_macro   0x0000000000016ac9       0x3d ./Core/Src/main.o
 .debug_macro   0x0000000000016b06       0x16 ./Core/Src/main.o
 .debug_macro   0x0000000000016b1c      0x145 ./Core/Src/main.o
 .debug_macro   0x0000000000016c61       0x16 ./Core/Src/main.o
 .debug_macro   0x0000000000016c77       0x16 ./Core/Src/main.o
 .debug_macro   0x0000000000016c8d       0x29 ./Core/Src/main.o
 .debug_macro   0x0000000000016cb6       0x16 ./Core/Src/main.o
 .debug_macro   0x0000000000016ccc       0x20 ./Core/Src/main.o
 .debug_macro   0x0000000000016cec       0x5f ./Core/Src/main.o
 .debug_macro   0x0000000000016d4b      0x1c8 ./Core/Src/main.o
 .debug_macro   0x0000000000016f13       0x8f ./Core/Src/main.o
 .debug_macro   0x0000000000016fa2       0x10 ./Core/Src/main.o
 .debug_macro   0x0000000000016fb2      0x1db ./Core/Src/stm32f1xx_hal_msp.o
 .debug_macro   0x000000000001718d      0x1e5 ./Core/Src/stm32f1xx_it.o
 .debug_macro   0x0000000000017372      0x1d1 ./Core/Src/system_stm32f1xx.o
 .debug_macro   0x0000000000017543      0x1f5 ./Drivers/STM32F1xx_HAL_Driver/Src/stm32f1xx_hal.o
 .debug_macro   0x0000000000017738      0x1ee ./Drivers/STM32F1xx_HAL_Driver/Src/stm32f1xx_hal_adc.o
 .debug_macro   0x0000000000017926      0x1e3 ./Drivers/STM32F1xx_HAL_Driver/Src/stm32f1xx_hal_adc_ex.o
 .debug_macro   0x0000000000017b09      0x1d1 ./Drivers/STM32F1xx_HAL_Driver/Src/stm32f1xx_hal_cortex.o
 .debug_macro   0x0000000000017cda      0x1d1 ./Drivers/STM32F1xx_HAL_Driver/Src/stm32f1xx_hal_dma.o
 .debug_macro   0x0000000000017eab      0x23c ./Drivers/STM32F1xx_HAL_Driver/Src/stm32f1xx_hal_gpio.o
 .debug_macro   0x00000000000180e7      0x1dd ./Drivers/STM32F1xx_HAL_Driver/Src/stm32f1xx_hal_pcd.o
 .debug_macro   0x00000000000182c4      0x1d1 ./Drivers/STM32F1xx_HAL_Driver/Src/stm32f1xx_hal_pcd_ex.o
 .debug_macro   0x0000000000018495      0x1e3 ./Drivers/STM32F1xx_HAL_Driver/Src/stm32f1xx_hal_rcc.o
 .debug_macro   0x0000000000018678      0x1d1 ./Drivers/STM32F1xx_HAL_Driver/Src/stm32f1xx_hal_rcc_ex.o
 .debug_macro   0x0000000000018849      0x1d2 ./Drivers/STM32F1xx_HAL_Driver/Src/stm32f1xx_hal_tim.o
 .debug_macro   0x0000000000018a1b      0x1d1 ./Drivers/STM32F1xx_HAL_Driver/Src/stm32f1xx_hal_tim_ex.o
 .debug_macro   0x0000000000018bec      0x1d1 ./Drivers/STM32F1xx_HAL_Driver/Src/stm32f1xx_ll_usb.o
 .debug_macro   0x0000000000018dbd      0x3f1 ./Middlewares/ST/STM32_USB_Device_Library/Class/CDC/Src/usbd_cdc.o
 .debug_macro   0x00000000000191ae       0x97 ./Middlewares/ST/STM32_USB_Device_Library/Class/CDC/Src/usbd_cdc.o
 .debug_macro   0x0000000000019245       0xfd ./Middlewares/ST/STM32_USB_Device_Library/Class/CDC/Src/usbd_cdc.o
 .debug_macro   0x0000000000019342       0x56 ./Middlewares/ST/STM32_USB_Device_Library/Class/CDC/Src/usbd_cdc.o
 .debug_macro   0x0000000000019398      0x3d8 ./Middlewares/ST/STM32_USB_Device_Library/Core/Src/usbd_core.o
 .debug_macro   0x0000000000019770      0x1ce ./Middlewares/ST/STM32_USB_Device_Library/Core/Src/usbd_core.o
 .debug_macro   0x000000000001993e      0x3e2 ./Middlewares/ST/STM32_USB_Device_Library/Core/Src/usbd_ctlreq.o
 .debug_macro   0x0000000000019d20      0x3de ./Middlewares/ST/STM32_USB_Device_Library/Core/Src/usbd_ioreq.o
 .debug_macro   0x000000000001a0fe      0x417 ./USB_DEVICE/App/usb_device.o
 .debug_macro   0x000000000001a515       0x22 ./USB_DEVICE/App/usb_device.o
 .debug_macro   0x000000000001a537       0x16 ./USB_DEVICE/App/usb_device.o
 .debug_macro   0x000000000001a54d      0x3fc ./USB_DEVICE/App/usbd_cdc_if.o
 .debug_macro   0x000000000001a949      0x415 ./USB_DEVICE/App/usbd_desc.o
 .debug_macro   0x000000000001ad5e       0x1c ./USB_DEVICE/App/usbd_desc.o
 .debug_macro   0x000000000001ad7a      0x3fb ./USB_DEVICE/Target/usbd_conf.o

.debug_line     0x0000000000000000    0x16c33
 .debug_line    0x0000000000000000      0xd5e ./Core/Src/main.o
 .debug_line    0x0000000000000d5e      0x825 ./Core/Src/stm32f1xx_hal_msp.o
 .debug_line    0x0000000000001583      0x840 ./Core/Src/stm32f1xx_it.o
 .debug_line    0x0000000000001dc3      0x7cc ./Core/Src/system_stm32f1xx.o
 .debug_line    0x000000000000258f       0x87 ./Core/Startup/startup_stm32f103c8tx.o
 .debug_line    0x0000000000002616      0x9f9 ./Drivers/STM32F1xx_HAL_Driver/Src/stm32f1xx_hal.o
 .debug_line    0x000000000000300f     0x1070 ./Drivers/STM32F1xx_HAL_Driver/Src/stm32f1xx_hal_adc.o
 .debug_line    0x000000000000407f      0xdbe ./Drivers/STM32F1xx_HAL_Driver/Src/stm32f1xx_hal_adc_ex.o
 .debug_line    0x0000000000004e3d      0xbe1 ./Drivers/STM32F1xx_HAL_Driver/Src/stm32f1xx_hal_cortex.o
 .debug_line    0x0000000000005a1e      0xe51 ./Drivers/STM32F1xx_HAL_Driver/Src/stm32f1xx_hal_dma.o
 .debug_line    0x000000000000686f      0xa90 ./Drivers/STM32F1xx_HAL_Driver/Src/stm32f1xx_hal_gpio.o
 .debug_line    0x00000000000072ff     0x13e7 ./Drivers/STM32F1xx_HAL_Driver/Src/stm32f1xx_hal_pcd.o
 .debug_line    0x00000000000086e6      0x7c7 ./Drivers/STM32F1xx_HAL_Driver/Src/stm32f1xx_hal_pcd_ex.o
 .debug_line    0x0000000000008ead      0xe07 ./Drivers/STM32F1xx_HAL_Driver/Src/stm32f1xx_hal_rcc.o
 .debug_line    0x0000000000009cb4      0x945 ./Drivers/STM32F1xx_HAL_Driver/Src/stm32f1xx_hal_rcc_ex.o
 .debug_line    0x000000000000a5f9     0x33af ./Drivers/STM32F1xx_HAL_Driver/Src/stm32f1xx_hal_tim.o
 .debug_line    0x000000000000d9a8     0x1921 ./Drivers/STM32F1xx_HAL_Driver/Src/stm32f1xx_hal_tim_ex.o
 .debug_line    0x000000000000f2c9     0x112c ./Drivers/STM32F1xx_HAL_Driver/Src/stm32f1xx_ll_usb.o
 .debug_line    0x00000000000103f5      0xdf7 ./Middlewares/ST/STM32_USB_Device_Library/Class/CDC/Src/usbd_cdc.o
 .debug_line    0x00000000000111ec      0xe77 ./Middlewares/ST/STM32_USB_Device_Library/Core/Src/usbd_core.o
 .debug_line    0x0000000000012063     0x1099 ./Middlewares/ST/STM32_USB_Device_Library/Core/Src/usbd_ctlreq.o
 .debug_line    0x00000000000130fc      0xb0d ./Middlewares/ST/STM32_USB_Device_Library/Core/Src/usbd_ioreq.o
 .debug_line    0x0000000000013c09      0xacd ./USB_DEVICE/App/usb_device.o
 .debug_line    0x00000000000146d6      0xb15 ./USB_DEVICE/App/usbd_cdc_if.o
 .debug_line    0x00000000000151eb      0xb96 ./USB_DEVICE/App/usbd_desc.o
 .debug_line    0x0000000000015d81      0xeb2 ./USB_DEVICE/Target/usbd_conf.o

.debug_str      0x0000000000000000    0x9210d
 .debug_str     0x0000000000000000    0x8dfde ./Core/Src/main.o
                                      0x8e51e (size before relaxing)
 .debug_str     0x000000000008dfde       0xb0 ./Core/Src/stm32f1xx_hal_msp.o
                                      0x890e4 (size before relaxing)
 .debug_str     0x000000000008e08e      0x403 ./Core/Src/stm32f1xx_it.o
                                      0x88f89 (size before relaxing)
 .debug_str     0x000000000008e491       0x7e ./Core/Src/system_stm32f1xx.o
                                      0x88a1e (size before relaxing)
 .debug_str     0x000000000008e50f       0x36 ./Core/Startup/startup_stm32f103c8tx.o
                                         0x7f (size before relaxing)
 .debug_str     0x000000000008e545      0x384 ./Drivers/STM32F1xx_HAL_Driver/Src/stm32f1xx_hal.o
                                      0x89151 (size before relaxing)
 .debug_str     0x000000000008e8c9      0x339 ./Drivers/STM32F1xx_HAL_Driver/Src/stm32f1xx_hal_adc.o
                                      0x890fb (size before relaxing)
 .debug_str     0x000000000008ec02      0x25f ./Drivers/STM32F1xx_HAL_Driver/Src/stm32f1xx_hal_adc_ex.o
                                      0x890d2 (size before relaxing)
 .debug_str     0x000000000008ee61      0x280 ./Drivers/STM32F1xx_HAL_Driver/Src/stm32f1xx_hal_cortex.o
                                      0x8909d (size before relaxing)
 .debug_str     0x000000000008f0e1      0x1e7 ./Drivers/STM32F1xx_HAL_Driver/Src/stm32f1xx_hal_dma.o
                                      0x88dc7 (size before relaxing)
 .debug_str     0x000000000008f2c8      0x2f2 ./Drivers/STM32F1xx_HAL_Driver/Src/stm32f1xx_hal_gpio.o
                                      0x88da4 (size before relaxing)
 .debug_str     0x000000000008f5ba      0x573 ./Drivers/STM32F1xx_HAL_Driver/Src/stm32f1xx_hal_pcd.o
                                      0x892f6 (size before relaxing)
 .debug_str     0x000000000008fb2d      0x170 ./Drivers/STM32F1xx_HAL_Driver/Src/stm32f1xx_hal_pcd_ex.o
                                      0x88e92 (size before relaxing)
 .debug_str     0x000000000008fc9d      0x229 ./Drivers/STM32F1xx_HAL_Driver/Src/stm32f1xx_hal_rcc.o
                                      0x88e4d (size before relaxing)
 .debug_str     0x000000000008fec6       0x84 ./Drivers/STM32F1xx_HAL_Driver/Src/stm32f1xx_hal_rcc_ex.o
                                      0x88b9d (size before relaxing)
 .debug_str     0x000000000008ff4a      0xdce ./Drivers/STM32F1xx_HAL_Driver/Src/stm32f1xx_hal_tim.o
                                      0x89e38 (size before relaxing)
 .debug_str     0x0000000000090d18      0x493 ./Drivers/STM32F1xx_HAL_Driver/Src/stm32f1xx_hal_tim_ex.o
                                      0x89654 (size before relaxing)
 .debug_str     0x00000000000911ab      0x123 ./Drivers/STM32F1xx_HAL_Driver/Src/stm32f1xx_ll_usb.o
                                      0x88ec5 (size before relaxing)
 .debug_str     0x00000000000912ce      0x645 ./Middlewares/ST/STM32_USB_Device_Library/Class/CDC/Src/usbd_cdc.o
                                      0x8df3a (size before relaxing)
 .debug_str     0x0000000000091913      0x281 ./Middlewares/ST/STM32_USB_Device_Library/Core/Src/usbd_core.o
                                      0x8d875 (size before relaxing)
 .debug_str     0x0000000000091b94      0x120 ./Middlewares/ST/STM32_USB_Device_Library/Core/Src/usbd_ctlreq.o
                                      0x8d78f (size before relaxing)
 .debug_str     0x0000000000091cb4       0x51 ./Middlewares/ST/STM32_USB_Device_Library/Core/Src/usbd_ioreq.o
                                      0x8d6bc (size before relaxing)
 .debug_str     0x0000000000091d05       0xc6 ./USB_DEVICE/App/usb_device.o
                                      0x8da47 (size before relaxing)
 .debug_str     0x0000000000091dcb       0x7d ./USB_DEVICE/App/usbd_cdc_if.o
                                      0x8da6d (size before relaxing)
 .debug_str     0x0000000000091e48      0x258 ./USB_DEVICE/App/usbd_desc.o
                                      0x8d5f8 (size before relaxing)
 .debug_str     0x00000000000920a0       0x6d ./USB_DEVICE/Target/usbd_conf.o
                                      0x8e4c7 (size before relaxing)

.comment        0x0000000000000000       0x50
 .comment       0x0000000000000000       0x50 ./Core/Src/main.o
                                         0x51 (size before relaxing)
 .comment       0x0000000000000050       0x51 ./Core/Src/stm32f1xx_hal_msp.o
 .comment       0x0000000000000050       0x51 ./Core/Src/stm32f1xx_it.o
 .comment       0x0000000000000050       0x51 ./Core/Src/system_stm32f1xx.o
 .comment       0x0000000000000050       0x51 ./Drivers/STM32F1xx_HAL_Driver/Src/stm32f1xx_hal.o
 .comment       0x0000000000000050       0x51 ./Drivers/STM32F1xx_HAL_Driver/Src/stm32f1xx_hal_adc.o
 .comment       0x0000000000000050       0x51 ./Drivers/STM32F1xx_HAL_Driver/Src/stm32f1xx_hal_adc_ex.o
 .comment       0x0000000000000050       0x51 ./Drivers/STM32F1xx_HAL_Driver/Src/stm32f1xx_hal_cortex.o
 .comment       0x0000000000000050       0x51 ./Drivers/STM32F1xx_HAL_Driver/Src/stm32f1xx_hal_dma.o
 .comment       0x0000000000000050       0x51 ./Drivers/STM32F1xx_HAL_Driver/Src/stm32f1xx_hal_gpio.o
 .comment       0x0000000000000050       0x51 ./Drivers/STM32F1xx_HAL_Driver/Src/stm32f1xx_hal_pcd.o
 .comment       0x0000000000000050       0x51 ./Drivers/STM32F1xx_HAL_Driver/Src/stm32f1xx_hal_pcd_ex.o
 .comment       0x0000000000000050       0x51 ./Drivers/STM32F1xx_HAL_Driver/Src/stm32f1xx_hal_rcc.o
 .comment       0x0000000000000050       0x51 ./Drivers/STM32F1xx_HAL_Driver/Src/stm32f1xx_hal_rcc_ex.o
 .comment       0x0000000000000050       0x51 ./Drivers/STM32F1xx_HAL_Driver/Src/stm32f1xx_hal_tim.o
 .comment       0x0000000000000050       0x51 ./Drivers/STM32F1xx_HAL_Driver/Src/stm32f1xx_hal_tim_ex.o
 .comment       0x0000000000000050       0x51 ./Drivers/STM32F1xx_HAL_Driver/Src/stm32f1xx_ll_usb.o
 .comment       0x0000000000000050       0x51 ./Middlewares/ST/STM32_USB_Device_Library/Class/CDC/Src/usbd_cdc.o
 .comment       0x0000000000000050       0x51 ./Middlewares/ST/STM32_USB_Device_Library/Core/Src/usbd_core.o
 .comment       0x0000000000000050       0x51 ./Middlewares/ST/STM32_USB_Device_Library/Core/Src/usbd_ctlreq.o
 .comment       0x0000000000000050       0x51 ./Middlewares/ST/STM32_USB_Device_Library/Core/Src/usbd_ioreq.o
 .comment       0x0000000000000050       0x51 ./USB_DEVICE/App/usb_device.o
 .comment       0x0000000000000050       0x51 ./USB_DEVICE/App/usbd_cdc_if.o
 .comment       0x0000000000000050       0x51 ./USB_DEVICE/App/usbd_desc.o
 .comment       0x0000000000000050       0x51 ./USB_DEVICE/Target/usbd_conf.o

.debug_frame    0x0000000000000000     0x4968
 .debug_frame   0x0000000000000000      0x19c ./Core/Src/main.o
 .debug_frame   0x000000000000019c       0xd0 ./Core/Src/stm32f1xx_hal_msp.o
 .debug_frame   0x000000000000026c      0x13c ./Core/Src/stm32f1xx_it.o
 .debug_frame   0x00000000000003a8       0x58 ./Core/Src/system_stm32f1xx.o
 .debug_frame   0x0000000000000400      0x334 ./Drivers/STM32F1xx_HAL_Driver/Src/stm32f1xx_hal.o
 .debug_frame   0x0000000000000734      0x40c ./Drivers/STM32F1xx_HAL_Driver/Src/stm32f1xx_hal_adc.o
 .debug_frame   0x0000000000000b40      0x200 ./Drivers/STM32F1xx_HAL_Driver/Src/stm32f1xx_hal_adc_ex.o
 .debug_frame   0x0000000000000d40      0x428 ./Drivers/STM32F1xx_HAL_Driver/Src/stm32f1xx_hal_cortex.o
 .debug_frame   0x0000000000001168      0x208 ./Drivers/STM32F1xx_HAL_Driver/Src/stm32f1xx_hal_dma.o
 .debug_frame   0x0000000000001370      0x14c ./Drivers/STM32F1xx_HAL_Driver/Src/stm32f1xx_hal_gpio.o
 .debug_frame   0x00000000000014bc      0x578 ./Drivers/STM32F1xx_HAL_Driver/Src/stm32f1xx_hal_pcd.o
 .debug_frame   0x0000000000001a34       0xb0 ./Drivers/STM32F1xx_HAL_Driver/Src/stm32f1xx_hal_pcd_ex.o
 .debug_frame   0x0000000000001ae4      0x21c ./Drivers/STM32F1xx_HAL_Driver/Src/stm32f1xx_hal_rcc.o
 .debug_frame   0x0000000000001d00       0x84 ./Drivers/STM32F1xx_HAL_Driver/Src/stm32f1xx_hal_rcc_ex.o
 .debug_frame   0x0000000000001d84     0x11b8 ./Drivers/STM32F1xx_HAL_Driver/Src/stm32f1xx_hal_tim.o
 .debug_frame   0x0000000000002f3c      0x638 ./Drivers/STM32F1xx_HAL_Driver/Src/stm32f1xx_hal_tim_ex.o
 .debug_frame   0x0000000000003574      0x450 ./Drivers/STM32F1xx_HAL_Driver/Src/stm32f1xx_ll_usb.o
 .debug_frame   0x00000000000039c4      0x248 ./Middlewares/ST/STM32_USB_Device_Library/Class/CDC/Src/usbd_cdc.o
 .debug_frame   0x0000000000003c0c      0x300 ./Middlewares/ST/STM32_USB_Device_Library/Core/Src/usbd_core.o
 .debug_frame   0x0000000000003f0c      0x218 ./Middlewares/ST/STM32_USB_Device_Library/Core/Src/usbd_ctlreq.o
 .debug_frame   0x0000000000004124      0x10c ./Middlewares/ST/STM32_USB_Device_Library/Core/Src/usbd_ioreq.o
 .debug_frame   0x0000000000004230       0x2c ./USB_DEVICE/App/usb_device.o
 .debug_frame   0x000000000000425c       0xbc ./USB_DEVICE/App/usbd_cdc_if.o
 .debug_frame   0x0000000000004318      0x160 ./USB_DEVICE/App/usbd_desc.o
 .debug_frame   0x0000000000004478      0x4a4 ./USB_DEVICE/Target/usbd_conf.o
 .debug_frame   0x000000000000491c       0x2c /home/komputator/STMicroelectronics/STM32Cube/STM32CubeIDE_1.11.0/plugins/com.st.stm32cube.ide.mcu.externaltools.gnu-tools-for-stm32.10.3-2021.10.linux64_1.0.100.202210260954/tools/bin/../lib/gcc/arm-none-eabi/10.3.1/../../../../arm-none-eabi/lib/thumb/v7-m/nofp/libc_nano.a(lib_a-init.o)
 .debug_frame   0x0000000000004948       0x20 /home/komputator/STMicroelectronics/STM32Cube/STM32CubeIDE_1.11.0/plugins/com.st.stm32cube.ide.mcu.externaltools.gnu-tools-for-stm32.10.3-2021.10.linux64_1.0.100.202210260954/tools/bin/../lib/gcc/arm-none-eabi/10.3.1/../../../../arm-none-eabi/lib/thumb/v7-m/nofp/libc_nano.a(lib_a-memset.o)